<?xml version="1.0" encoding="UTF-8"?>
<TestRun id="d72bd6e2-8e43-47bf-9ad5-2e410bbe8f8b" name="Stasy@STASY-PC 2012-04-01 12:10:39" runUser="Stasy-PC\Stasy" xmlns="http://microsoft.com/schemas/VisualStudio/TeamTest/2010">
  <TestSettings name="Local" id="f082b51d-e2a1-4c28-9d29-f365f41a81c3">
    <Description>These are default test settings for a local test run.</Description>
    <Deployment enabled="false" runDeploymentRoot="Stasy_STASY-PC 2012-04-01 12_10_39">
      <DeploymentItem filename="C:\Mecurial\MIS\ExpressionEvaluator\Binaries\Antlr3.Runtime.dll" />
      <DeploymentItem filename="C:\Mecurial\MIS\ExpressionEvaluator\Evaluant.Calculator\bin\Debug\NCalc.dll" />
    </Deployment>
    <Execution>
      <TestTypeSpecific />
      <AgentRule name="Execution Agents">
      </AgentRule>
    </Execution>
  </TestSettings>
  <Times creation="2012-04-01T12:10:39.6671258-04:00" queuing="2012-04-01T12:10:43.1053225-04:00" start="2012-04-01T12:10:43.2643316-04:00" finish="2012-04-01T12:10:51.6038086-04:00" />
  <ResultSummary outcome="Aborted">
    <Counters total="37" executed="15" error="0" failed="0" timeout="0" aborted="1" inconclusive="0" passedButRunAborted="14" notRunnable="0" notExecuted="22" disconnected="0" warning="0" passed="0" completed="0" inProgress="0" pending="0" />
  </ResultSummary>
  <TestDefinitions>
    <UnitTest name="ShouldEvaluateSubExpressions" storage="c:\mecurial\mis\expressionevaluator\evaluant.calculator.tests\bin\debug\ncalc.tests.dll" id="c5a2bb55-4742-840c-be0d-e0735b428da1">
      <Execution id="e6d2a922-06f7-4a23-b72b-dbc59b908cd2" />
      <TestMethod codeBase="C:/Mecurial/MIS/ExpressionEvaluator/Evaluant.Calculator.Tests/bin/Debug/NCalc.Tests.DLL" adapterTypeName="Microsoft.VisualStudio.TestTools.TestTypes.Unit.UnitTestAdapter, Microsoft.VisualStudio.QualityTools.Tips.UnitTest.Adapter, Version=10.0.0.0, Culture=neutral, PublicKeyToken=b03f5f7f11d50a3a" className="NCalc.Tests.Fixtures, NCalc.Tests, Version=1.0.0.0, Culture=neutral, PublicKeyToken=null" name="ShouldEvaluateSubExpressions" />
    </UnitTest>
    <UnitTest name="ShouldSerializeExpression" storage="c:\mecurial\mis\expressionevaluator\evaluant.calculator.tests\bin\debug\ncalc.tests.dll" id="e9079026-5cc1-6c4f-6d75-6dac2168533b">
      <Execution id="76733406-7193-46b3-ad11-15de237a6697" />
      <TestMethod codeBase="C:/Mecurial/MIS/ExpressionEvaluator/Evaluant.Calculator.Tests/bin/Debug/NCalc.Tests.DLL" adapterTypeName="Microsoft.VisualStudio.TestTools.TestTypes.Unit.UnitTestAdapter, Microsoft.VisualStudio.QualityTools.Tips.UnitTest.Adapter, Version=10.0.0.0, Culture=neutral, PublicKeyToken=b03f5f7f11d50a3a" className="NCalc.Tests.Fixtures, NCalc.Tests, Version=1.0.0.0, Culture=neutral, PublicKeyToken=null" name="ShouldSerializeExpression" />
    </UnitTest>
    <UnitTest name="Maths" storage="c:\mecurial\mis\expressionevaluator\evaluant.calculator.tests\bin\debug\ncalc.tests.dll" id="a3f2f0fc-a144-21e9-192b-729b833a050d">
      <Execution id="2428c85d-8bee-4e4e-ada2-2ec5b28fcf4b" />
      <TestMethod codeBase="C:/Mecurial/MIS/ExpressionEvaluator/Evaluant.Calculator.Tests/bin/Debug/NCalc.Tests.DLL" adapterTypeName="Microsoft.VisualStudio.TestTools.TestTypes.Unit.UnitTestAdapter, Microsoft.VisualStudio.QualityTools.Tips.UnitTest.Adapter, Version=10.0.0.0, Culture=neutral, PublicKeyToken=b03f5f7f11d50a3a" className="NCalc.Tests.Fixtures, NCalc.Tests, Version=1.0.0.0, Culture=neutral, PublicKeyToken=null" name="Maths" />
    </UnitTest>
    <UnitTest name="ShouldEvaluateOperators" storage="c:\mecurial\mis\expressionevaluator\evaluant.calculator.tests\bin\debug\ncalc.tests.dll" id="28725a4f-a72b-2b8c-1cb6-4c626b8d723e">
      <Execution id="afad85cd-08d9-44d7-a218-43ffc1728f7a" />
      <TestMethod codeBase="C:/Mecurial/MIS/ExpressionEvaluator/Evaluant.Calculator.Tests/bin/Debug/NCalc.Tests.DLL" adapterTypeName="Microsoft.VisualStudio.TestTools.TestTypes.Unit.UnitTestAdapter, Microsoft.VisualStudio.QualityTools.Tips.UnitTest.Adapter, Version=10.0.0.0, Culture=neutral, PublicKeyToken=b03f5f7f11d50a3a" className="NCalc.Tests.Fixtures, NCalc.Tests, Version=1.0.0.0, Culture=neutral, PublicKeyToken=null" name="ShouldEvaluateOperators" />
    </UnitTest>
    <UnitTest name="ShouldNotConvertRealTypes" storage="c:\mecurial\mis\expressionevaluator\evaluant.calculator.tests\bin\debug\ncalc.tests.dll" id="778d5a49-70b2-378f-89c5-3a8ec74c3a38">
      <Execution id="61deda93-dded-4d76-a0f8-cbe4aba6fc4d" />
      <TestMethod codeBase="C:/Mecurial/MIS/ExpressionEvaluator/Evaluant.Calculator.Tests/bin/Debug/NCalc.Tests.DLL" adapterTypeName="Microsoft.VisualStudio.TestTools.TestTypes.Unit.UnitTestAdapter, Microsoft.VisualStudio.QualityTools.Tips.UnitTest.Adapter, Version=10.0.0.0, Culture=neutral, PublicKeyToken=b03f5f7f11d50a3a" className="NCalc.Tests.Fixtures, NCalc.Tests, Version=1.0.0.0, Culture=neutral, PublicKeyToken=null" name="ShouldNotConvertRealTypes" />
    </UnitTest>
    <UnitTest name="ShouldDisplayErrorMessages" storage="c:\mecurial\mis\expressionevaluator\evaluant.calculator.tests\bin\debug\ncalc.tests.dll" id="db0daa54-3e1c-fc8b-ef6e-343b77a5c99f">
      <Execution id="40f6e3b7-887d-41fb-9cd9-d9de67cb63b3" />
      <TestMethod codeBase="C:/Mecurial/MIS/ExpressionEvaluator/Evaluant.Calculator.Tests/bin/Debug/NCalc.Tests.DLL" adapterTypeName="Microsoft.VisualStudio.TestTools.TestTypes.Unit.UnitTestAdapter, Microsoft.VisualStudio.QualityTools.Tips.UnitTest.Adapter, Version=10.0.0.0, Culture=neutral, PublicKeyToken=b03f5f7f11d50a3a" className="NCalc.Tests.Fixtures, NCalc.Tests, Version=1.0.0.0, Culture=neutral, PublicKeyToken=null" name="ShouldDisplayErrorMessages" />
    </UnitTest>
    <UnitTest name="ExpressionShouldEvaluateParameters" storage="c:\mecurial\mis\expressionevaluator\evaluant.calculator.tests\bin\debug\ncalc.tests.dll" id="c66384e6-6244-9854-9f1f-39947130ef1d">
      <Execution id="81f13852-9917-45db-aad7-d58516eec0a8" />
      <TestMethod codeBase="C:/Mecurial/MIS/ExpressionEvaluator/Evaluant.Calculator.Tests/bin/Debug/NCalc.Tests.DLL" adapterTypeName="Microsoft.VisualStudio.TestTools.TestTypes.Unit.UnitTestAdapter, Microsoft.VisualStudio.QualityTools.Tips.UnitTest.Adapter, Version=10.0.0.0, Culture=neutral, PublicKeyToken=b03f5f7f11d50a3a" className="NCalc.Tests.Fixtures, NCalc.Tests, Version=1.0.0.0, Culture=neutral, PublicKeyToken=null" name="ExpressionShouldEvaluateParameters" />
    </UnitTest>
    <UnitTest name="ShouldHandleCaseSensitiveness" storage="c:\mecurial\mis\expressionevaluator\evaluant.calculator.tests\bin\debug\ncalc.tests.dll" id="4d8a6cc3-ab05-967a-37bc-cd67f9f06499">
      <Execution id="56dd0385-656a-4e97-8db7-99a2d001b09e" />
      <TestMethod codeBase="C:/Mecurial/MIS/ExpressionEvaluator/Evaluant.Calculator.Tests/bin/Debug/NCalc.Tests.DLL" adapterTypeName="Microsoft.VisualStudio.TestTools.TestTypes.Unit.UnitTestAdapter, Microsoft.VisualStudio.QualityTools.Tips.UnitTest.Adapter, Version=10.0.0.0, Culture=neutral, PublicKeyToken=b03f5f7f11d50a3a" className="NCalc.Tests.Fixtures, NCalc.Tests, Version=1.0.0.0, Culture=neutral, PublicKeyToken=null" name="ShouldHandleCaseSensitiveness" />
    </UnitTest>
    <UnitTest name="CustomFunctionShouldReturnNull" storage="c:\mecurial\mis\expressionevaluator\evaluant.calculator.tests\bin\debug\ncalc.tests.dll" id="36e69de9-a7d6-136f-02d0-d6e0fc09e5c8">
      <Execution id="3d27b0df-0fa0-4e30-a9b9-21cecdf8d106" />
      <TestMethod codeBase="C:/Mecurial/MIS/ExpressionEvaluator/Evaluant.Calculator.Tests/bin/Debug/NCalc.Tests.DLL" adapterTypeName="Microsoft.VisualStudio.TestTools.TestTypes.Unit.UnitTestAdapter, Microsoft.VisualStudio.QualityTools.Tips.UnitTest.Adapter, Version=10.0.0.0, Culture=neutral, PublicKeyToken=b03f5f7f11d50a3a" className="NCalc.Tests.Fixtures, NCalc.Tests, Version=1.0.0.0, Culture=neutral, PublicKeyToken=null" name="CustomFunctionShouldReturnNull" />
    </UnitTest>
    <UnitTest name="ShouldHandleOperatorsPriority" storage="c:\mecurial\mis\expressionevaluator\evaluant.calculator.tests\bin\debug\ncalc.tests.dll" id="2f52624a-b364-6c4b-1fd4-eb712a488572">
      <Execution id="d96660b8-2302-424c-bc61-1129adf74271" />
      <TestMethod codeBase="C:/Mecurial/MIS/ExpressionEvaluator/Evaluant.Calculator.Tests/bin/Debug/NCalc.Tests.DLL" adapterTypeName="Microsoft.VisualStudio.TestTools.TestTypes.Unit.UnitTestAdapter, Microsoft.VisualStudio.QualityTools.Tips.UnitTest.Adapter, Version=10.0.0.0, Culture=neutral, PublicKeyToken=b03f5f7f11d50a3a" className="NCalc.Tests.Fixtures, NCalc.Tests, Version=1.0.0.0, Culture=neutral, PublicKeyToken=null" name="ShouldHandleOperatorsPriority" />
    </UnitTest>
    <UnitTest name="ShouldThrowAnExpcetionWhenInvalidNumber" storage="c:\mecurial\mis\expressionevaluator\evaluant.calculator.tests\bin\debug\ncalc.tests.dll" id="3cc2a4ad-73ed-3dee-95a3-4ecef7be987f">
      <Execution id="878752a6-8c05-4293-ab47-96f17c74e674" />
      <TestMethod codeBase="C:/Mecurial/MIS/ExpressionEvaluator/Evaluant.Calculator.Tests/bin/Debug/NCalc.Tests.DLL" adapterTypeName="Microsoft.VisualStudio.TestTools.TestTypes.Unit.UnitTestAdapter, Microsoft.VisualStudio.QualityTools.Tips.UnitTest.Adapter, Version=10.0.0.0, Culture=neutral, PublicKeyToken=b03f5f7f11d50a3a" className="NCalc.Tests.Fixtures, NCalc.Tests, Version=1.0.0.0, Culture=neutral, PublicKeyToken=null" name="ShouldThrowAnExpcetionWhenInvalidNumber" />
    </UnitTest>
    <UnitTest name="ShouldEvaluateArrayParameters" storage="c:\mecurial\mis\expressionevaluator\evaluant.calculator.tests\bin\debug\ncalc.tests.dll" id="00b7bd15-91dd-659d-fdfb-b557696bdf1c">
      <Execution id="4bca401a-7d10-4d51-86de-30f8dae52fd2" />
      <TestMethod codeBase="C:/Mecurial/MIS/ExpressionEvaluator/Evaluant.Calculator.Tests/bin/Debug/NCalc.Tests.DLL" adapterTypeName="Microsoft.VisualStudio.TestTools.TestTypes.Unit.UnitTestAdapter, Microsoft.VisualStudio.QualityTools.Tips.UnitTest.Adapter, Version=10.0.0.0, Culture=neutral, PublicKeyToken=b03f5f7f11d50a3a" className="NCalc.Tests.Fixtures, NCalc.Tests, Version=1.0.0.0, Culture=neutral, PublicKeyToken=null" name="ShouldEvaluateArrayParameters" />
    </UnitTest>
    <UnitTest name="ShouldHandleLongValues" storage="c:\mecurial\mis\expressionevaluator\evaluant.calculator.tests\bin\debug\ncalc.tests.dll" id="e429e649-a42d-8648-2bc2-29ac743fb4e2">
      <Execution id="e5080f0d-f1ae-45ca-a4d6-e4f6b099c31a" />
      <TestMethod codeBase="C:/Mecurial/MIS/ExpressionEvaluator/Evaluant.Calculator.Tests/bin/Debug/NCalc.Tests.DLL" adapterTypeName="Microsoft.VisualStudio.TestTools.TestTypes.Unit.UnitTestAdapter, Microsoft.VisualStudio.QualityTools.Tips.UnitTest.Adapter, Version=10.0.0.0, Culture=neutral, PublicKeyToken=b03f5f7f11d50a3a" className="NCalc.Tests.Fixtures, NCalc.Tests, Version=1.0.0.0, Culture=neutral, PublicKeyToken=null" name="ShouldHandleLongValues" />
    </UnitTest>
    <UnitTest name="ShouldParseValues" storage="c:\mecurial\mis\expressionevaluator\evaluant.calculator.tests\bin\debug\ncalc.tests.dll" id="00714313-1542-cf11-92d9-eb7739023757">
      <Execution id="d818993f-dc1d-4734-9b82-997ba551ece8" />
      <TestMethod codeBase="C:/Mecurial/MIS/ExpressionEvaluator/Evaluant.Calculator.Tests/bin/Debug/NCalc.Tests.DLL" adapterTypeName="Microsoft.VisualStudio.TestTools.TestTypes.Unit.UnitTestAdapter, Microsoft.VisualStudio.QualityTools.Tips.UnitTest.Adapter, Version=10.0.0.0, Culture=neutral, PublicKeyToken=b03f5f7f11d50a3a" className="NCalc.Tests.Fixtures, NCalc.Tests, Version=1.0.0.0, Culture=neutral, PublicKeyToken=null" name="ShouldParseValues" />
    </UnitTest>
    <UnitTest name="ExpressionShouldEvaluate" storage="c:\mecurial\mis\expressionevaluator\evaluant.calculator.tests\bin\debug\ncalc.tests.dll" id="30b92448-cbf7-4291-40fe-f05f5f2dc336">
      <Execution id="c5a7d493-3d9d-4748-9ea4-a173cd9381df" />
      <TestMethod codeBase="C:/Mecurial/MIS/ExpressionEvaluator/Evaluant.Calculator.Tests/bin/Debug/NCalc.Tests.DLL" adapterTypeName="Microsoft.VisualStudio.TestTools.TestTypes.Unit.UnitTestAdapter, Microsoft.VisualStudio.QualityTools.Tips.UnitTest.Adapter, Version=10.0.0.0, Culture=neutral, PublicKeyToken=b03f5f7f11d50a3a" className="NCalc.Tests.Fixtures, NCalc.Tests, Version=1.0.0.0, Culture=neutral, PublicKeyToken=null" name="ExpressionShouldEvaluate" />
    </UnitTest>
    <UnitTest name="ShouldRoundAwayFromZero" storage="c:\mecurial\mis\expressionevaluator\evaluant.calculator.tests\bin\debug\ncalc.tests.dll" id="8905f16c-c6ec-1d0d-831a-4c657b1b582c">
      <Execution id="6dc1f84b-2e80-4bc3-bbd5-e6e06d73377e" />
      <TestMethod codeBase="C:/Mecurial/MIS/ExpressionEvaluator/Evaluant.Calculator.Tests/bin/Debug/NCalc.Tests.DLL" adapterTypeName="Microsoft.VisualStudio.TestTools.TestTypes.Unit.UnitTestAdapter, Microsoft.VisualStudio.QualityTools.Tips.UnitTest.Adapter, Version=10.0.0.0, Culture=neutral, PublicKeyToken=b03f5f7f11d50a3a" className="NCalc.Tests.Fixtures, NCalc.Tests, Version=1.0.0.0, Culture=neutral, PublicKeyToken=null" name="ShouldRoundAwayFromZero" />
    </UnitTest>
    <UnitTest name="ShouldHandleCustomFunctionsInFunctions" storage="c:\mecurial\mis\expressionevaluator\evaluant.calculator.tests\bin\debug\ncalc.tests.dll" id="3e1995b8-60bc-eacf-6fac-1ed4ff2b93cf">
      <Execution id="da2c8bcd-3e0c-43b2-9d9e-5a4e8622d4f5" />
      <TestMethod codeBase="C:/Mecurial/MIS/ExpressionEvaluator/Evaluant.Calculator.Tests/bin/Debug/NCalc.Tests.DLL" adapterTypeName="Microsoft.VisualStudio.TestTools.TestTypes.Unit.UnitTestAdapter, Microsoft.VisualStudio.QualityTools.Tips.UnitTest.Adapter, Version=10.0.0.0, Culture=neutral, PublicKeyToken=b03f5f7f11d50a3a" className="NCalc.Tests.Fixtures, NCalc.Tests, Version=1.0.0.0, Culture=neutral, PublicKeyToken=null" name="ShouldHandleCustomFunctionsInFunctions" />
    </UnitTest>
    <UnitTest name="ShouldHandleStringConcatenation" storage="c:\mecurial\mis\expressionevaluator\evaluant.calculator.tests\bin\debug\ncalc.tests.dll" id="c292a9dd-0417-f904-994b-8a7d425f5e1c">
      <Execution id="c93f3cf6-956e-4017-9672-222b911b946d" />
      <TestMethod codeBase="C:/Mecurial/MIS/ExpressionEvaluator/Evaluant.Calculator.Tests/bin/Debug/NCalc.Tests.DLL" adapterTypeName="Microsoft.VisualStudio.TestTools.TestTypes.Unit.UnitTestAdapter, Microsoft.VisualStudio.QualityTools.Tips.UnitTest.Adapter, Version=10.0.0.0, Culture=neutral, PublicKeyToken=b03f5f7f11d50a3a" className="NCalc.Tests.Fixtures, NCalc.Tests, Version=1.0.0.0, Culture=neutral, PublicKeyToken=null" name="ShouldHandleStringConcatenation" />
    </UnitTest>
    <UnitTest name="ShouldOverrideExistingFunctions" storage="c:\mecurial\mis\expressionevaluator\evaluant.calculator.tests\bin\debug\ncalc.tests.dll" id="8fafc336-58b1-0d6f-2efb-571efef47a9c">
      <Execution id="fca029ea-788d-460e-9848-8ba3613f2848" />
      <TestMethod codeBase="C:/Mecurial/MIS/ExpressionEvaluator/Evaluant.Calculator.Tests/bin/Debug/NCalc.Tests.DLL" adapterTypeName="Microsoft.VisualStudio.TestTools.TestTypes.Unit.UnitTestAdapter, Microsoft.VisualStudio.QualityTools.Tips.UnitTest.Adapter, Version=10.0.0.0, Culture=neutral, PublicKeyToken=b03f5f7f11d50a3a" className="NCalc.Tests.Fixtures, NCalc.Tests, Version=1.0.0.0, Culture=neutral, PublicKeyToken=null" name="ShouldOverrideExistingFunctions" />
    </UnitTest>
    <UnitTest name="ShouldShortCircuitBooleanExpressions" storage="c:\mecurial\mis\expressionevaluator\evaluant.calculator.tests\bin\debug\ncalc.tests.dll" id="2231ec10-37ba-343a-0ed3-1d00357393b0">
      <Execution id="1610b36f-3376-4a2b-8de1-fabf8e08dc60" />
      <TestMethod codeBase="C:/Mecurial/MIS/ExpressionEvaluator/Evaluant.Calculator.Tests/bin/Debug/NCalc.Tests.DLL" adapterTypeName="Microsoft.VisualStudio.TestTools.TestTypes.Unit.UnitTestAdapter, Microsoft.VisualStudio.QualityTools.Tips.UnitTest.Adapter, Version=10.0.0.0, Culture=neutral, PublicKeyToken=b03f5f7f11d50a3a" className="NCalc.Tests.Fixtures, NCalc.Tests, Version=1.0.0.0, Culture=neutral, PublicKeyToken=null" name="ShouldShortCircuitBooleanExpressions" />
    </UnitTest>
    <UnitTest name="ShouldHandleUnicode" storage="c:\mecurial\mis\expressionevaluator\evaluant.calculator.tests\bin\debug\ncalc.tests.dll" id="6fe53641-9902-920a-89ad-6161ced249dc">
      <Execution id="80cc9b5b-237a-4b8e-82de-e322171320a1" />
      <TestMethod codeBase="C:/Mecurial/MIS/ExpressionEvaluator/Evaluant.Calculator.Tests/bin/Debug/NCalc.Tests.DLL" adapterTypeName="Microsoft.VisualStudio.TestTools.TestTypes.Unit.UnitTestAdapter, Microsoft.VisualStudio.QualityTools.Tips.UnitTest.Adapter, Version=10.0.0.0, Culture=neutral, PublicKeyToken=b03f5f7f11d50a3a" className="NCalc.Tests.Fixtures, NCalc.Tests, Version=1.0.0.0, Culture=neutral, PublicKeyToken=null" name="ShouldHandleUnicode" />
    </UnitTest>
    <UnitTest name="ShouldEvaluateConditionnal" storage="c:\mecurial\mis\expressionevaluator\evaluant.calculator.tests\bin\debug\ncalc.tests.dll" id="86c14894-d5f2-00ea-69b6-5d894ad03bfe">
      <Execution id="993fc89d-7b47-4397-b8ff-4476f53469d6" />
      <TestMethod codeBase="C:/Mecurial/MIS/ExpressionEvaluator/Evaluant.Calculator.Tests/bin/Debug/NCalc.Tests.DLL" adapterTypeName="Microsoft.VisualStudio.TestTools.TestTypes.Unit.UnitTestAdapter, Microsoft.VisualStudio.QualityTools.Tips.UnitTest.Adapter, Version=10.0.0.0, Culture=neutral, PublicKeyToken=b03f5f7f11d50a3a" className="NCalc.Tests.Fixtures, NCalc.Tests, Version=1.0.0.0, Culture=neutral, PublicKeyToken=null" name="ShouldEvaluateConditionnal" />
    </UnitTest>
    <UnitTest name="ShouldDetectSyntaxErrorsBeforeEvaluation" storage="c:\mecurial\mis\expressionevaluator\evaluant.calculator.tests\bin\debug\ncalc.tests.dll" id="99604dcc-de04-2cf7-98b8-1efc5861e4da">
      <Execution id="10eb7619-9038-4747-9d0c-f4ef62ade4d3" />
      <TestMethod codeBase="C:/Mecurial/MIS/ExpressionEvaluator/Evaluant.Calculator.Tests/bin/Debug/NCalc.Tests.DLL" adapterTypeName="Microsoft.VisualStudio.TestTools.TestTypes.Unit.UnitTestAdapter, Microsoft.VisualStudio.QualityTools.Tips.UnitTest.Adapter, Version=10.0.0.0, Culture=neutral, PublicKeyToken=b03f5f7f11d50a3a" className="NCalc.Tests.Fixtures, NCalc.Tests, Version=1.0.0.0, Culture=neutral, PublicKeyToken=null" name="ShouldDetectSyntaxErrorsBeforeEvaluation" />
    </UnitTest>
    <UnitTest name="ShouldNotRoundDecimalValues" storage="c:\mecurial\mis\expressionevaluator\evaluant.calculator.tests\bin\debug\ncalc.tests.dll" id="fb8a4047-f775-26c5-6f85-e471b71899bc">
      <Execution id="3ca78850-f73f-421e-975d-6aed44672ee9" />
      <TestMethod codeBase="C:/Mecurial/MIS/ExpressionEvaluator/Evaluant.Calculator.Tests/bin/Debug/NCalc.Tests.DLL" adapterTypeName="Microsoft.VisualStudio.TestTools.TestTypes.Unit.UnitTestAdapter, Microsoft.VisualStudio.QualityTools.Tips.UnitTest.Adapter, Version=10.0.0.0, Culture=neutral, PublicKeyToken=b03f5f7f11d50a3a" className="NCalc.Tests.Fixtures, NCalc.Tests, Version=1.0.0.0, Culture=neutral, PublicKeyToken=null" name="ShouldNotRoundDecimalValues" />
    </UnitTest>
    <UnitTest name="ShouldDisplayErrorIfUncompatibleTypes" storage="c:\mecurial\mis\expressionevaluator\evaluant.calculator.tests\bin\debug\ncalc.tests.dll" id="cc4cecb5-69e6-ccf6-a25a-ac3ea237170f">
      <Execution id="c828bea7-4787-4ed9-8774-b1994641981d" />
      <TestMethod codeBase="C:/Mecurial/MIS/ExpressionEvaluator/Evaluant.Calculator.Tests/bin/Debug/NCalc.Tests.DLL" adapterTypeName="Microsoft.VisualStudio.TestTools.TestTypes.Unit.UnitTestAdapter, Microsoft.VisualStudio.QualityTools.Tips.UnitTest.Adapter, Version=10.0.0.0, Culture=neutral, PublicKeyToken=b03f5f7f11d50a3a" className="NCalc.Tests.Fixtures, NCalc.Tests, Version=1.0.0.0, Culture=neutral, PublicKeyToken=null" name="ShouldDisplayErrorIfUncompatibleTypes" />
    </UnitTest>
    <UnitTest name="ShouldEvaluateInOperator" storage="c:\mecurial\mis\expressionevaluator\evaluant.calculator.tests\bin\debug\ncalc.tests.dll" id="1f4133c4-f6b1-f736-ee19-ed99df461232">
      <Execution id="66c59bc6-7278-4456-a6c1-69064382e3d2" />
      <TestMethod codeBase="C:/Mecurial/MIS/ExpressionEvaluator/Evaluant.Calculator.Tests/bin/Debug/NCalc.Tests.DLL" adapterTypeName="Microsoft.VisualStudio.TestTools.TestTypes.Unit.UnitTestAdapter, Microsoft.VisualStudio.QualityTools.Tips.UnitTest.Adapter, Version=10.0.0.0, Culture=neutral, PublicKeyToken=b03f5f7f11d50a3a" className="NCalc.Tests.Fixtures, NCalc.Tests, Version=1.0.0.0, Culture=neutral, PublicKeyToken=null" name="ShouldEvaluateInOperator" />
    </UnitTest>
    <UnitTest name="ExpressionShouldEvaluateCustomFunctions" storage="c:\mecurial\mis\expressionevaluator\evaluant.calculator.tests\bin\debug\ncalc.tests.dll" id="3b09401c-e456-50ee-49b8-5d61ed030cf5">
      <Execution id="5ae15b83-9c05-4f97-aefe-205f50e3a711" />
      <TestMethod codeBase="C:/Mecurial/MIS/ExpressionEvaluator/Evaluant.Calculator.Tests/bin/Debug/NCalc.Tests.DLL" adapterTypeName="Microsoft.VisualStudio.TestTools.TestTypes.Unit.UnitTestAdapter, Microsoft.VisualStudio.QualityTools.Tips.UnitTest.Adapter, Version=10.0.0.0, Culture=neutral, PublicKeyToken=b03f5f7f11d50a3a" className="NCalc.Tests.Fixtures, NCalc.Tests, Version=1.0.0.0, Culture=neutral, PublicKeyToken=null" name="ExpressionShouldEvaluateCustomFunctions" />
    </UnitTest>
    <UnitTest name="ShouldCompareLongValues" storage="c:\mecurial\mis\expressionevaluator\evaluant.calculator.tests\bin\debug\ncalc.tests.dll" id="3ae23872-3d75-bc82-42d6-9adbad3af1f6">
      <Execution id="123107b0-1262-4337-82e1-bb668b27882b" />
      <TestMethod codeBase="C:/Mecurial/MIS/ExpressionEvaluator/Evaluant.Calculator.Tests/bin/Debug/NCalc.Tests.DLL" adapterTypeName="Microsoft.VisualStudio.TestTools.TestTypes.Unit.UnitTestAdapter, Microsoft.VisualStudio.QualityTools.Tips.UnitTest.Adapter, Version=10.0.0.0, Culture=neutral, PublicKeyToken=b03f5f7f11d50a3a" className="NCalc.Tests.Fixtures, NCalc.Tests, Version=1.0.0.0, Culture=neutral, PublicKeyToken=null" name="ShouldCompareLongValues" />
    </UnitTest>
    <UnitTest name="ShouldNotLoosePrecision" storage="c:\mecurial\mis\expressionevaluator\evaluant.calculator.tests\bin\debug\ncalc.tests.dll" id="d0a34968-467d-956a-bc68-c93edd90f861">
      <Execution id="aa6a057f-4673-4966-8ad2-c97c67ae7d85" />
      <TestMethod codeBase="C:/Mecurial/MIS/ExpressionEvaluator/Evaluant.Calculator.Tests/bin/Debug/NCalc.Tests.DLL" adapterTypeName="Microsoft.VisualStudio.TestTools.TestTypes.Unit.UnitTestAdapter, Microsoft.VisualStudio.QualityTools.Tips.UnitTest.Adapter, Version=10.0.0.0, Culture=neutral, PublicKeyToken=b03f5f7f11d50a3a" className="NCalc.Tests.Fixtures, NCalc.Tests, Version=1.0.0.0, Culture=neutral, PublicKeyToken=null" name="ShouldNotLoosePrecision" />
    </UnitTest>
    <UnitTest name="ShouldParseScientificNotation" storage="c:\mecurial\mis\expressionevaluator\evaluant.calculator.tests\bin\debug\ncalc.tests.dll" id="59c0caa0-1bac-8a6c-5b20-5f4e424a51c5">
      <Execution id="cbc156af-171c-4d19-9e00-440189b3ba5a" />
      <TestMethod codeBase="C:/Mecurial/MIS/ExpressionEvaluator/Evaluant.Calculator.Tests/bin/Debug/NCalc.Tests.DLL" adapterTypeName="Microsoft.VisualStudio.TestTools.TestTypes.Unit.UnitTestAdapter, Microsoft.VisualStudio.QualityTools.Tips.UnitTest.Adapter, Version=10.0.0.0, Culture=neutral, PublicKeyToken=b03f5f7f11d50a3a" className="NCalc.Tests.Fixtures, NCalc.Tests, Version=1.0.0.0, Culture=neutral, PublicKeyToken=null" name="ShouldParseScientificNotation" />
    </UnitTest>
    <UnitTest name="ShouldHandleCustomParametersWhenNoSpecificParameterIsDefined" storage="c:\mecurial\mis\expressionevaluator\evaluant.calculator.tests\bin\debug\ncalc.tests.dll" id="a5acd1b5-8c86-dde6-28d4-fd6b8ea1aea8">
      <Execution id="c02329d9-a558-48fb-8748-38046e77d888" />
      <TestMethod codeBase="C:/Mecurial/MIS/ExpressionEvaluator/Evaluant.Calculator.Tests/bin/Debug/NCalc.Tests.DLL" adapterTypeName="Microsoft.VisualStudio.TestTools.TestTypes.Unit.UnitTestAdapter, Microsoft.VisualStudio.QualityTools.Tips.UnitTest.Adapter, Version=10.0.0.0, Culture=neutral, PublicKeyToken=b03f5f7f11d50a3a" className="NCalc.Tests.Fixtures, NCalc.Tests, Version=1.0.0.0, Culture=neutral, PublicKeyToken=null" name="ShouldHandleCustomParametersWhenNoSpecificParameterIsDefined" />
    </UnitTest>
    <UnitTest name="ShouldEvaluateTernaryExpression" storage="c:\mecurial\mis\expressionevaluator\evaluant.calculator.tests\bin\debug\ncalc.tests.dll" id="f883f998-5edb-abfa-1b95-a88a5125d938">
      <Execution id="7dc567a5-0d23-4719-8d1b-6c4f82fc7513" />
      <TestMethod codeBase="C:/Mecurial/MIS/ExpressionEvaluator/Evaluant.Calculator.Tests/bin/Debug/NCalc.Tests.DLL" adapterTypeName="Microsoft.VisualStudio.TestTools.TestTypes.Unit.UnitTestAdapter, Microsoft.VisualStudio.QualityTools.Tips.UnitTest.Adapter, Version=10.0.0.0, Culture=neutral, PublicKeyToken=b03f5f7f11d50a3a" className="NCalc.Tests.Fixtures, NCalc.Tests, Version=1.0.0.0, Culture=neutral, PublicKeyToken=null" name="ShouldEvaluateTernaryExpression" />
    </UnitTest>
    <UnitTest name="ShouldCompareDates" storage="c:\mecurial\mis\expressionevaluator\evaluant.calculator.tests\bin\debug\ncalc.tests.dll" id="a0ac7277-292f-26b0-8d71-7a7d83cf2fac">
      <Execution id="efdce592-18bd-4f1e-bda1-e6ba333db01a" />
      <TestMethod codeBase="C:/Mecurial/MIS/ExpressionEvaluator/Evaluant.Calculator.Tests/bin/Debug/NCalc.Tests.DLL" adapterTypeName="Microsoft.VisualStudio.TestTools.TestTypes.Unit.UnitTestAdapter, Microsoft.VisualStudio.QualityTools.Tips.UnitTest.Adapter, Version=10.0.0.0, Culture=neutral, PublicKeyToken=b03f5f7f11d50a3a" className="NCalc.Tests.Fixtures, NCalc.Tests, Version=1.0.0.0, Culture=neutral, PublicKeyToken=null" name="ShouldCompareDates" />
    </UnitTest>
    <UnitTest name="CustomParametersShouldReturnNull" storage="c:\mecurial\mis\expressionevaluator\evaluant.calculator.tests\bin\debug\ncalc.tests.dll" id="0cfe1ffb-e02e-2f61-b48a-1ea9c6eef321">
      <Execution id="2c4ada90-e9c5-455b-991e-15a48169692d" />
      <TestMethod codeBase="C:/Mecurial/MIS/ExpressionEvaluator/Evaluant.Calculator.Tests/bin/Debug/NCalc.Tests.DLL" adapterTypeName="Microsoft.VisualStudio.TestTools.TestTypes.Unit.UnitTestAdapter, Microsoft.VisualStudio.QualityTools.Tips.UnitTest.Adapter, Version=10.0.0.0, Culture=neutral, PublicKeyToken=b03f5f7f11d50a3a" className="NCalc.Tests.Fixtures, NCalc.Tests, Version=1.0.0.0, Culture=neutral, PublicKeyToken=null" name="CustomParametersShouldReturnNull" />
    </UnitTest>
    <UnitTest name="ShouldReuseCompiledExpressionsInMultiThreadedMode" storage="c:\mecurial\mis\expressionevaluator\evaluant.calculator.tests\bin\debug\ncalc.tests.dll" id="44ef641d-b53d-762a-8108-a2905a512532">
      <Execution id="6905f88d-93fe-4d31-97e5-2036a184a6b3" />
      <TestMethod codeBase="C:/Mecurial/MIS/ExpressionEvaluator/Evaluant.Calculator.Tests/bin/Debug/NCalc.Tests.DLL" adapterTypeName="Microsoft.VisualStudio.TestTools.TestTypes.Unit.UnitTestAdapter, Microsoft.VisualStudio.QualityTools.Tips.UnitTest.Adapter, Version=10.0.0.0, Culture=neutral, PublicKeyToken=b03f5f7f11d50a3a" className="NCalc.Tests.Fixtures, NCalc.Tests, Version=1.0.0.0, Culture=neutral, PublicKeyToken=null" name="ShouldReuseCompiledExpressionsInMultiThreadedMode" />
    </UnitTest>
    <UnitTest name="ExpressionShouldEvaluateCustomFunctionsWithParameters" storage="c:\mecurial\mis\expressionevaluator\evaluant.calculator.tests\bin\debug\ncalc.tests.dll" id="3dded486-4d12-c481-86db-f04509f31c91">
      <Execution id="1f521c08-c63a-409b-ad75-01a061aa4c46" />
      <TestMethod codeBase="C:/Mecurial/MIS/ExpressionEvaluator/Evaluant.Calculator.Tests/bin/Debug/NCalc.Tests.DLL" adapterTypeName="Microsoft.VisualStudio.TestTools.TestTypes.Unit.UnitTestAdapter, Microsoft.VisualStudio.QualityTools.Tips.UnitTest.Adapter, Version=10.0.0.0, Culture=neutral, PublicKeyToken=b03f5f7f11d50a3a" className="NCalc.Tests.Fixtures, NCalc.Tests, Version=1.0.0.0, Culture=neutral, PublicKeyToken=null" name="ExpressionShouldEvaluateCustomFunctionsWithParameters" />
    </UnitTest>
    <UnitTest name="ShouldEscapeCharacters" storage="c:\mecurial\mis\expressionevaluator\evaluant.calculator.tests\bin\debug\ncalc.tests.dll" id="50851ca9-ead5-7cae-eeeb-136bbca96976">
      <Execution id="5b0253b8-f89a-4f52-8aa1-06a00f31710a" />
      <TestMethod codeBase="C:/Mecurial/MIS/ExpressionEvaluator/Evaluant.Calculator.Tests/bin/Debug/NCalc.Tests.DLL" adapterTypeName="Microsoft.VisualStudio.TestTools.TestTypes.Unit.UnitTestAdapter, Microsoft.VisualStudio.QualityTools.Tips.UnitTest.Adapter, Version=10.0.0.0, Culture=neutral, PublicKeyToken=b03f5f7f11d50a3a" className="NCalc.Tests.Fixtures, NCalc.Tests, Version=1.0.0.0, Culture=neutral, PublicKeyToken=null" name="ShouldEscapeCharacters" />
    </UnitTest>
  </TestDefinitions>
  <TestLists>
    <TestList name="Results Not in a List" id="8c84fa94-04c1-424b-9868-57a2d4851a1d" />
    <TestList name="All Loaded Results" id="19431567-8539-422a-85d7-44ee4e166bda" />
  </TestLists>
  <TestEntries>
    <TestEntry testId="00714313-1542-cf11-92d9-eb7739023757" executionId="d818993f-dc1d-4734-9b82-997ba551ece8" testListId="8c84fa94-04c1-424b-9868-57a2d4851a1d" />
    <TestEntry testId="00b7bd15-91dd-659d-fdfb-b557696bdf1c" executionId="4bca401a-7d10-4d51-86de-30f8dae52fd2" testListId="8c84fa94-04c1-424b-9868-57a2d4851a1d" />
    <TestEntry testId="0cfe1ffb-e02e-2f61-b48a-1ea9c6eef321" executionId="2c4ada90-e9c5-455b-991e-15a48169692d" testListId="8c84fa94-04c1-424b-9868-57a2d4851a1d" />
    <TestEntry testId="1f4133c4-f6b1-f736-ee19-ed99df461232" executionId="66c59bc6-7278-4456-a6c1-69064382e3d2" testListId="8c84fa94-04c1-424b-9868-57a2d4851a1d" />
    <TestEntry testId="2231ec10-37ba-343a-0ed3-1d00357393b0" executionId="1610b36f-3376-4a2b-8de1-fabf8e08dc60" testListId="8c84fa94-04c1-424b-9868-57a2d4851a1d" />
    <TestEntry testId="28725a4f-a72b-2b8c-1cb6-4c626b8d723e" executionId="afad85cd-08d9-44d7-a218-43ffc1728f7a" testListId="8c84fa94-04c1-424b-9868-57a2d4851a1d" />
    <TestEntry testId="2f52624a-b364-6c4b-1fd4-eb712a488572" executionId="d96660b8-2302-424c-bc61-1129adf74271" testListId="8c84fa94-04c1-424b-9868-57a2d4851a1d" />
    <TestEntry testId="30b92448-cbf7-4291-40fe-f05f5f2dc336" executionId="c5a7d493-3d9d-4748-9ea4-a173cd9381df" testListId="8c84fa94-04c1-424b-9868-57a2d4851a1d" />
    <TestEntry testId="36e69de9-a7d6-136f-02d0-d6e0fc09e5c8" executionId="3d27b0df-0fa0-4e30-a9b9-21cecdf8d106" testListId="8c84fa94-04c1-424b-9868-57a2d4851a1d" />
    <TestEntry testId="3ae23872-3d75-bc82-42d6-9adbad3af1f6" executionId="123107b0-1262-4337-82e1-bb668b27882b" testListId="8c84fa94-04c1-424b-9868-57a2d4851a1d" />
    <TestEntry testId="3b09401c-e456-50ee-49b8-5d61ed030cf5" executionId="5ae15b83-9c05-4f97-aefe-205f50e3a711" testListId="8c84fa94-04c1-424b-9868-57a2d4851a1d" />
    <TestEntry testId="3cc2a4ad-73ed-3dee-95a3-4ecef7be987f" executionId="878752a6-8c05-4293-ab47-96f17c74e674" testListId="8c84fa94-04c1-424b-9868-57a2d4851a1d" />
    <TestEntry testId="3dded486-4d12-c481-86db-f04509f31c91" executionId="1f521c08-c63a-409b-ad75-01a061aa4c46" testListId="8c84fa94-04c1-424b-9868-57a2d4851a1d" />
    <TestEntry testId="3e1995b8-60bc-eacf-6fac-1ed4ff2b93cf" executionId="da2c8bcd-3e0c-43b2-9d9e-5a4e8622d4f5" testListId="8c84fa94-04c1-424b-9868-57a2d4851a1d" />
    <TestEntry testId="44ef641d-b53d-762a-8108-a2905a512532" executionId="6905f88d-93fe-4d31-97e5-2036a184a6b3" testListId="8c84fa94-04c1-424b-9868-57a2d4851a1d" />
    <TestEntry testId="4d8a6cc3-ab05-967a-37bc-cd67f9f06499" executionId="56dd0385-656a-4e97-8db7-99a2d001b09e" testListId="8c84fa94-04c1-424b-9868-57a2d4851a1d" />
    <TestEntry testId="50851ca9-ead5-7cae-eeeb-136bbca96976" executionId="5b0253b8-f89a-4f52-8aa1-06a00f31710a" testListId="8c84fa94-04c1-424b-9868-57a2d4851a1d" />
    <TestEntry testId="59c0caa0-1bac-8a6c-5b20-5f4e424a51c5" executionId="cbc156af-171c-4d19-9e00-440189b3ba5a" testListId="8c84fa94-04c1-424b-9868-57a2d4851a1d" />
    <TestEntry testId="6fe53641-9902-920a-89ad-6161ced249dc" executionId="80cc9b5b-237a-4b8e-82de-e322171320a1" testListId="8c84fa94-04c1-424b-9868-57a2d4851a1d" />
    <TestEntry testId="778d5a49-70b2-378f-89c5-3a8ec74c3a38" executionId="61deda93-dded-4d76-a0f8-cbe4aba6fc4d" testListId="8c84fa94-04c1-424b-9868-57a2d4851a1d" />
    <TestEntry testId="86c14894-d5f2-00ea-69b6-5d894ad03bfe" executionId="993fc89d-7b47-4397-b8ff-4476f53469d6" testListId="8c84fa94-04c1-424b-9868-57a2d4851a1d" />
    <TestEntry testId="8905f16c-c6ec-1d0d-831a-4c657b1b582c" executionId="6dc1f84b-2e80-4bc3-bbd5-e6e06d73377e" testListId="8c84fa94-04c1-424b-9868-57a2d4851a1d" />
    <TestEntry testId="8fafc336-58b1-0d6f-2efb-571efef47a9c" executionId="fca029ea-788d-460e-9848-8ba3613f2848" testListId="8c84fa94-04c1-424b-9868-57a2d4851a1d" />
    <TestEntry testId="99604dcc-de04-2cf7-98b8-1efc5861e4da" executionId="10eb7619-9038-4747-9d0c-f4ef62ade4d3" testListId="8c84fa94-04c1-424b-9868-57a2d4851a1d" />
    <TestEntry testId="a0ac7277-292f-26b0-8d71-7a7d83cf2fac" executionId="efdce592-18bd-4f1e-bda1-e6ba333db01a" testListId="8c84fa94-04c1-424b-9868-57a2d4851a1d" />
    <TestEntry testId="a3f2f0fc-a144-21e9-192b-729b833a050d" executionId="2428c85d-8bee-4e4e-ada2-2ec5b28fcf4b" testListId="8c84fa94-04c1-424b-9868-57a2d4851a1d" />
    <TestEntry testId="a5acd1b5-8c86-dde6-28d4-fd6b8ea1aea8" executionId="c02329d9-a558-48fb-8748-38046e77d888" testListId="8c84fa94-04c1-424b-9868-57a2d4851a1d" />
    <TestEntry testId="c292a9dd-0417-f904-994b-8a7d425f5e1c" executionId="c93f3cf6-956e-4017-9672-222b911b946d" testListId="8c84fa94-04c1-424b-9868-57a2d4851a1d" />
    <TestEntry testId="c5a2bb55-4742-840c-be0d-e0735b428da1" executionId="e6d2a922-06f7-4a23-b72b-dbc59b908cd2" testListId="8c84fa94-04c1-424b-9868-57a2d4851a1d" />
    <TestEntry testId="c66384e6-6244-9854-9f1f-39947130ef1d" executionId="81f13852-9917-45db-aad7-d58516eec0a8" testListId="8c84fa94-04c1-424b-9868-57a2d4851a1d" />
    <TestEntry testId="cc4cecb5-69e6-ccf6-a25a-ac3ea237170f" executionId="c828bea7-4787-4ed9-8774-b1994641981d" testListId="8c84fa94-04c1-424b-9868-57a2d4851a1d" />
    <TestEntry testId="d0a34968-467d-956a-bc68-c93edd90f861" executionId="aa6a057f-4673-4966-8ad2-c97c67ae7d85" testListId="8c84fa94-04c1-424b-9868-57a2d4851a1d" />
    <TestEntry testId="db0daa54-3e1c-fc8b-ef6e-343b77a5c99f" executionId="40f6e3b7-887d-41fb-9cd9-d9de67cb63b3" testListId="8c84fa94-04c1-424b-9868-57a2d4851a1d" />
    <TestEntry testId="e429e649-a42d-8648-2bc2-29ac743fb4e2" executionId="e5080f0d-f1ae-45ca-a4d6-e4f6b099c31a" testListId="8c84fa94-04c1-424b-9868-57a2d4851a1d" />
    <TestEntry testId="e9079026-5cc1-6c4f-6d75-6dac2168533b" executionId="76733406-7193-46b3-ad11-15de237a6697" testListId="8c84fa94-04c1-424b-9868-57a2d4851a1d" />
    <TestEntry testId="f883f998-5edb-abfa-1b95-a88a5125d938" executionId="7dc567a5-0d23-4719-8d1b-6c4f82fc7513" testListId="8c84fa94-04c1-424b-9868-57a2d4851a1d" />
    <TestEntry testId="fb8a4047-f775-26c5-6f85-e471b71899bc" executionId="3ca78850-f73f-421e-975d-6aed44672ee9" testListId="8c84fa94-04c1-424b-9868-57a2d4851a1d" />
  </TestEntries>
  <Results>
    <UnitTestResult executionId="d818993f-dc1d-4734-9b82-997ba551ece8" testId="00714313-1542-cf11-92d9-eb7739023757" testName="ShouldParseValues" computerName="STASY-PC" duration="00:00:00.2772010" startTime="2012-04-01T12:10:43.3553368-04:00" endTime="2012-04-01T12:10:46.9445421-04:00" testType="13cdc9d9-ddb5-4fa4-a97d-d965ccfc6d4b" outcome="PassedButRunAborted" testListId="8c84fa94-04c1-424b-9868-57a2d4851a1d" relativeResultsDirectory="d818993f-dc1d-4734-9b82-997ba551ece8">
      <Output>
        <StdOut>123456
#01/01/2001#
123.456
true
'true'
'azerty'</StdOut>
        <DebugTrace>QTAgent32.exe Information: 0 : Expression added to cache: 123456
QTAgent32.exe Information: 0 : Expression added to cache: #01/01/2001#
QTAgent32.exe Information: 0 : Expression added to cache: 123.456
QTAgent32.exe Information: 0 : Expression added to cache: true
QTAgent32.exe Information: 0 : Expression added to cache: 'true'
QTAgent32.exe Information: 0 : Expression added to cache: 'azerty'
</DebugTrace>
      </Output>
    </UnitTestResult>
    <UnitTestResult executionId="4bca401a-7d10-4d51-86de-30f8dae52fd2" testId="00b7bd15-91dd-659d-fdfb-b557696bdf1c" testName="ShouldEvaluateArrayParameters" computerName="STASY-PC" duration="00:00:00.0222016" startTime="2012-04-01T12:10:46.9505424-04:00" endTime="2012-04-01T12:10:47.0115459-04:00" testType="13cdc9d9-ddb5-4fa4-a97d-d965ccfc6d4b" outcome="PassedButRunAborted" testListId="8c84fa94-04c1-424b-9868-57a2d4851a1d" relativeResultsDirectory="4bca401a-7d10-4d51-86de-30f8dae52fd2">
      <Output>
        <StdOut>x * x</StdOut>
        <DebugTrace>QTAgent32.exe Information: 0 : Expression added to cache: x * x
</DebugTrace>
      </Output>
    </UnitTestResult>
    <UnitTestResult executionId="2c4ada90-e9c5-455b-991e-15a48169692d" testId="0cfe1ffb-e02e-2f61-b48a-1ea9c6eef321" testName="CustomParametersShouldReturnNull" computerName="STASY-PC" duration="00:00:00.0015945" startTime="2012-04-01T12:10:47.0235466-04:00" endTime="2012-04-01T12:10:47.0325471-04:00" testType="13cdc9d9-ddb5-4fa4-a97d-d965ccfc6d4b" outcome="PassedButRunAborted" testListId="8c84fa94-04c1-424b-9868-57a2d4851a1d" relativeResultsDirectory="2c4ada90-e9c5-455b-991e-15a48169692d">
      <Output>
        <StdOut>x</StdOut>
        <DebugTrace>QTAgent32.exe Information: 0 : Expression added to cache: x
</DebugTrace>
      </Output>
    </UnitTestResult>
    <UnitTestResult executionId="66c59bc6-7278-4456-a6c1-69064382e3d2" testId="1f4133c4-f6b1-f736-ee19-ed99df461232" testName="ShouldEvaluateInOperator" computerName="STASY-PC" duration="00:00:00.0513593" startTime="2012-04-01T12:10:47.0585486-04:00" endTime="2012-04-01T12:10:47.1305527-04:00" testType="13cdc9d9-ddb5-4fa4-a97d-d965ccfc6d4b" outcome="PassedButRunAborted" testListId="8c84fa94-04c1-424b-9868-57a2d4851a1d" relativeResultsDirectory="66c59bc6-7278-4456-a6c1-69064382e3d2">
      <Output>
        <StdOut>in ( ( 2 + 2 ) , [1] , [2] , 1 + 2 , 4 , 1 / 0 )
in ( ( 2 + 2 ) , [1] , [2] , 1 + 2 , 3 )
in ( 'to' + 'to' , 'titi' , 'toto' )</StdOut>
        <DebugTrace>QTAgent32.exe Information: 0 : Cache entry released: 123456
QTAgent32.exe Information: 0 : Cache entry released: #01/01/2001#
QTAgent32.exe Information: 0 : Cache entry released: 123.456
QTAgent32.exe Information: 0 : Cache entry released: true
QTAgent32.exe Information: 0 : Cache entry released: 'true'
QTAgent32.exe Information: 0 : Cache entry released: 'azerty'
QTAgent32.exe Information: 0 : Cache entry released: x * x
QTAgent32.exe Information: 0 : Cache entry released: x
QTAgent32.exe Information: 0 : Expression added to cache: in((2 + 2), [1], [2], 1 + 2, 4, 1 / 0)
QTAgent32.exe Information: 0 : Expression added to cache: in((2 + 2), [1], [2], 1 + 2, 3)
QTAgent32.exe Information: 0 : Expression added to cache: in('to' + 'to', 'titi', 'toto')
</DebugTrace>
      </Output>
    </UnitTestResult>
    <UnitTestResult executionId="1610b36f-3376-4a2b-8de1-fabf8e08dc60" testId="2231ec10-37ba-343a-0ed3-1d00357393b0" testName="ShouldShortCircuitBooleanExpressions" computerName="STASY-PC" duration="00:00:00.0012597" startTime="2012-04-01T12:10:47.1505538-04:00" endTime="2012-04-01T12:10:47.1705550-04:00" testType="13cdc9d9-ddb5-4fa4-a97d-d965ccfc6d4b" outcome="PassedButRunAborted" testListId="8c84fa94-04c1-424b-9868-57a2d4851a1d" relativeResultsDirectory="1610b36f-3376-4a2b-8de1-fabf8e08dc60">
      <Output>
        <StdOut>( [a] != 0 ) &amp;&amp; ( [b] / [a] &gt; 2 )</StdOut>
        <DebugTrace>QTAgent32.exe Information: 0 : Expression added to cache: ([a] != 0) &amp;&amp; ([b]/[a]&gt;2)
</DebugTrace>
      </Output>
    </UnitTestResult>
    <UnitTestResult executionId="afad85cd-08d9-44d7-a218-43ffc1728f7a" testId="28725a4f-a72b-2b8c-1cb6-4c626b8d723e" testName="ShouldEvaluateOperators" computerName="STASY-PC" duration="00:00:00.0685495" startTime="2012-04-01T12:10:47.1925563-04:00" endTime="2012-04-01T12:10:47.2735609-04:00" testType="13cdc9d9-ddb5-4fa4-a97d-d965ccfc6d4b" outcome="PassedButRunAborted" testListId="8c84fa94-04c1-424b-9868-57a2d4851a1d" relativeResultsDirectory="afad85cd-08d9-44d7-a218-43ffc1728f7a">
      <Output>
        <StdOut>! true
not false
2 * 3
6 / 2
7 % 2
2 + 3
2 - 1
1 &lt; 2
1 &gt; 2
1 &lt;= 2
1 &lt;= 1
1 &gt;= 2
1 &gt;= 1
1 = 1
1 == 1
1 != 1
1 &lt;&gt; 1
1 &amp; 1
1 | 1
1 ^ 1
~ 1
2 &gt;&gt; 1
2 &lt;&lt; 1
true &amp;&amp; false
true and false
true || false
true or false
if ( true , 0 , 1 )
if ( false , 0 , 1 )</StdOut>
        <DebugTrace>QTAgent32.exe Information: 0 : Expression added to cache: !true
QTAgent32.exe Information: 0 : Expression added to cache: not false
QTAgent32.exe Information: 0 : Expression added to cache: 2 * 3
QTAgent32.exe Information: 0 : Expression added to cache: 6 / 2
QTAgent32.exe Information: 0 : Expression added to cache: 7 % 2
QTAgent32.exe Information: 0 : Expression added to cache: 2 + 3
QTAgent32.exe Information: 0 : Expression added to cache: 2 - 1
QTAgent32.exe Information: 0 : Expression added to cache: 1 &lt; 2
QTAgent32.exe Information: 0 : Expression added to cache: 1 &gt; 2
QTAgent32.exe Information: 0 : Expression added to cache: 1 &lt;= 2
QTAgent32.exe Information: 0 : Expression added to cache: 1 &lt;= 1
QTAgent32.exe Information: 0 : Expression added to cache: 1 &gt;= 2
QTAgent32.exe Information: 0 : Expression added to cache: 1 &gt;= 1
QTAgent32.exe Information: 0 : Expression added to cache: 1 = 1
QTAgent32.exe Information: 0 : Expression added to cache: 1 == 1
QTAgent32.exe Information: 0 : Expression added to cache: 1 != 1
QTAgent32.exe Information: 0 : Expression added to cache: 1 &lt;&gt; 1
QTAgent32.exe Information: 0 : Expression added to cache: 1 &amp; 1
QTAgent32.exe Information: 0 : Expression added to cache: 1 | 1
QTAgent32.exe Information: 0 : Expression added to cache: 1 ^ 1
QTAgent32.exe Information: 0 : Expression added to cache: ~1
QTAgent32.exe Information: 0 : Expression added to cache: 2 &gt;&gt; 1
QTAgent32.exe Information: 0 : Expression added to cache: 2 &lt;&lt; 1
QTAgent32.exe Information: 0 : Expression added to cache: true &amp;&amp; false
QTAgent32.exe Information: 0 : Expression added to cache: true and false
QTAgent32.exe Information: 0 : Expression added to cache: true || false
QTAgent32.exe Information: 0 : Expression added to cache: true or false
QTAgent32.exe Information: 0 : Expression added to cache: if(true, 0, 1)
QTAgent32.exe Information: 0 : Expression added to cache: if(false, 0, 1)
</DebugTrace>
      </Output>
    </UnitTestResult>
    <UnitTestResult executionId="d96660b8-2302-424c-bc61-1129adf74271" testId="2f52624a-b364-6c4b-1fd4-eb712a488572" testName="ShouldHandleOperatorsPriority" computerName="STASY-PC" duration="00:00:00.0013843" startTime="2012-04-01T12:10:47.2985623-04:00" endTime="2012-04-01T12:10:47.3155633-04:00" testType="13cdc9d9-ddb5-4fa4-a97d-d965ccfc6d4b" outcome="PassedButRunAborted" testListId="8c84fa94-04c1-424b-9868-57a2d4851a1d" relativeResultsDirectory="d96660b8-2302-424c-bc61-1129adf74271">
      <Output>
        <StdOut>2 + 2 + 2 + 2
2 * 2 * 2 * 2
2 * 2 + 2
2 + 2 * 2
1 + 2 + 3 * 4 / 2
18 / 2 / 2 * 3</StdOut>
        <DebugTrace>QTAgent32.exe Information: 0 : Expression added to cache: 2+2+2+2
QTAgent32.exe Information: 0 : Expression added to cache: 2*2*2*2
QTAgent32.exe Information: 0 : Expression added to cache: 2*2+2
QTAgent32.exe Information: 0 : Expression added to cache: 2+2*2
QTAgent32.exe Information: 0 : Expression added to cache: 1 + 2 + 3 * 4 / 2
QTAgent32.exe Information: 0 : Expression added to cache: 18/2/2*3
</DebugTrace>
      </Output>
    </UnitTestResult>
    <UnitTestResult executionId="c5a7d493-3d9d-4748-9ea4-a173cd9381df" testId="30b92448-cbf7-4291-40fe-f05f5f2dc336" testName="ExpressionShouldEvaluate" computerName="STASY-PC" duration="00:00:00.0124539" startTime="2012-04-01T12:10:47.3465651-04:00" endTime="2012-04-01T12:10:47.3835672-04:00" testType="13cdc9d9-ddb5-4fa4-a97d-d965ccfc6d4b" outcome="PassedButRunAborted" testListId="8c84fa94-04c1-424b-9868-57a2d4851a1d" relativeResultsDirectory="c5a7d493-3d9d-4748-9ea4-a173cd9381df">
      <Output>
        <StdOut>2 + 3 + 5
2 + 3 + 5 = 10
2 * 3 + 5
2 * 3 + 5 = 11
2 * ( 3 + 5 )
2 * (3 + 5) = 16
2 * ( 2 * ( 2 * ( 2 + 1 ) ) )
2 * (2*(2*(2+1))) = 24
10 % 3
10 % 3 = 1
true or false = True
not true
not true = False
false || not ( false and true )
false || not (false and true) = True
3 &gt; 2 and 1 &lt;= ( 3 - 2 )
3 &gt; 2 and 1 &lt;= (3-2) = True
3 % 2 != 10 % 3
3 % 2 != 10 % 3 = False</StdOut>
        <DebugTrace>QTAgent32.exe Information: 0 : Expression added to cache: 2 + 3 + 5
QTAgent32.exe Information: 0 : Expression added to cache: 2 * 3 + 5
QTAgent32.exe Information: 0 : Expression added to cache: 2 * (3 + 5)
QTAgent32.exe Information: 0 : Expression added to cache: 2 * (2*(2*(2+1)))
QTAgent32.exe Information: 0 : Expression added to cache: 10 % 3
QTAgent32.exe Information: 0 : Expression retrieved from cache: true or false
QTAgent32.exe Information: 0 : Expression added to cache: not true
QTAgent32.exe Information: 0 : Expression added to cache: false || not (false and true)
QTAgent32.exe Information: 0 : Expression added to cache: 3 &gt; 2 and 1 &lt;= (3-2)
QTAgent32.exe Information: 0 : Expression added to cache: 3 % 2 != 10 % 3
</DebugTrace>
      </Output>
    </UnitTestResult>
    <UnitTestResult executionId="3d27b0df-0fa0-4e30-a9b9-21cecdf8d106" testId="36e69de9-a7d6-136f-02d0-d6e0fc09e5c8" testName="CustomFunctionShouldReturnNull" computerName="STASY-PC" duration="00:00:00.0016683" startTime="2012-04-01T12:10:47.4125688-04:00" endTime="2012-04-01T12:10:47.4365702-04:00" testType="13cdc9d9-ddb5-4fa4-a97d-d965ccfc6d4b" outcome="PassedButRunAborted" testListId="8c84fa94-04c1-424b-9868-57a2d4851a1d" relativeResultsDirectory="3d27b0df-0fa0-4e30-a9b9-21cecdf8d106">
      <Output>
        <StdOut>SecretOperation ( 3 , 6 )</StdOut>
        <DebugTrace>QTAgent32.exe Information: 0 : Expression added to cache: SecretOperation(3, 6)
</DebugTrace>
      </Output>
    </UnitTestResult>
    <UnitTestResult executionId="123107b0-1262-4337-82e1-bb668b27882b" testId="3ae23872-3d75-bc82-42d6-9adbad3af1f6" testName="ShouldCompareLongValues" computerName="STASY-PC" duration="00:00:00.0123013" startTime="2012-04-01T12:10:47.4495710-04:00" endTime="2012-04-01T12:10:47.5455764-04:00" testType="13cdc9d9-ddb5-4fa4-a97d-d965ccfc6d4b" outcome="PassedButRunAborted" testListId="8c84fa94-04c1-424b-9868-57a2d4851a1d" relativeResultsDirectory="123107b0-1262-4337-82e1-bb668b27882b">
      <Output>
        <StdOut>( 0 = 1500000 ) || ( ( ( 0 + 2200000000 ) - 1500000 ) &lt; 0 )</StdOut>
        <DebugTrace>QTAgent32.exe Information: 0 : Expression added to cache: (0=1500000)||(((0+2200000000)-1500000)&lt;0)
</DebugTrace>
      </Output>
    </UnitTestResult>
    <UnitTestResult executionId="5ae15b83-9c05-4f97-aefe-205f50e3a711" testId="3b09401c-e456-50ee-49b8-5d61ed030cf5" testName="ExpressionShouldEvaluateCustomFunctions" computerName="STASY-PC" duration="00:00:00.0127051" startTime="2012-04-01T12:10:47.5625774-04:00" endTime="2012-04-01T12:10:47.6085800-04:00" testType="13cdc9d9-ddb5-4fa4-a97d-d965ccfc6d4b" outcome="PassedButRunAborted" testListId="8c84fa94-04c1-424b-9868-57a2d4851a1d" relativeResultsDirectory="5ae15b83-9c05-4f97-aefe-205f50e3a711">
      <Output>
        <DebugTrace>QTAgent32.exe Information: 0 : Expression retrieved from cache: SecretOperation(3, 6)
</DebugTrace>
      </Output>
    </UnitTestResult>
    <UnitTestResult executionId="878752a6-8c05-4293-ab47-96f17c74e674" testId="3cc2a4ad-73ed-3dee-95a3-4ecef7be987f" testName="ShouldThrowAnExpcetionWhenInvalidNumber" computerName="STASY-PC" duration="00:00:00.0946447" startTime="2012-04-01T12:10:47.6195807-04:00" endTime="2012-04-01T12:10:47.7325871-04:00" testType="13cdc9d9-ddb5-4fa4-a97d-d965ccfc6d4b" outcome="PassedButRunAborted" testListId="8c84fa94-04c1-424b-9868-57a2d4851a1d" relativeResultsDirectory="878752a6-8c05-4293-ab47-96f17c74e674">
      <Output>
        <StdOut>&lt;unexpected: [@1,3:3='+',&lt;38&gt;,1:3], resync=+&gt; + 2
Error catched: no viable alternative at input '+' at line 1:3</StdOut>
        <StdErr>line 1:2 required (...)+ loop did not match anything at character ' '
line 1:3 no viable alternative at input '+'</StdErr>
      </Output>
    </UnitTestResult>
    <UnitTestResult executionId="1f521c08-c63a-409b-ad75-01a061aa4c46" testId="3dded486-4d12-c481-86db-f04509f31c91" testName="ExpressionShouldEvaluateCustomFunctionsWithParameters" computerName="STASY-PC" duration="00:00:00.0032756" startTime="2012-04-01T12:10:47.7755896-04:00" endTime="2012-04-01T12:10:47.7935906-04:00" testType="13cdc9d9-ddb5-4fa4-a97d-d965ccfc6d4b" outcome="PassedButRunAborted" testListId="8c84fa94-04c1-424b-9868-57a2d4851a1d" relativeResultsDirectory="1f521c08-c63a-409b-ad75-01a061aa4c46">
      <Output>
        <StdOut>SecretOperation ( [e] , 6 ) + f</StdOut>
        <DebugTrace>QTAgent32.exe Information: 0 : Expression added to cache: SecretOperation([e], 6) + f
</DebugTrace>
      </Output>
    </UnitTestResult>
    <UnitTestResult executionId="da2c8bcd-3e0c-43b2-9d9e-5a4e8622d4f5" testId="3e1995b8-60bc-eacf-6fac-1ed4ff2b93cf" testName="ShouldHandleCustomFunctionsInFunctions" computerName="STASY-PC" duration="00:00:00.0016375" startTime="2012-04-01T12:10:47.8175920-04:00" endTime="2012-04-01T12:10:47.8395933-04:00" testType="13cdc9d9-ddb5-4fa4-a97d-d965ccfc6d4b" outcome="PassedButRunAborted" testListId="8c84fa94-04c1-424b-9868-57a2d4851a1d" relativeResultsDirectory="da2c8bcd-3e0c-43b2-9d9e-5a4e8622d4f5">
      <Output>
        <StdOut>if ( true , func1 ( x ) + func2 ( func3 ( y ) ) , 0 )</StdOut>
        <DebugTrace>QTAgent32.exe Information: 0 : Expression added to cache: if(true, func1(x) + func2(func3(y)), 0)
</DebugTrace>
      </Output>
    </UnitTestResult>
    <UnitTestResult executionId="6905f88d-93fe-4d31-97e5-2036a184a6b3" testId="44ef641d-b53d-762a-8108-a2905a512532" testName="ShouldReuseCompiledExpressionsInMultiThreadedMode" computerName="STASY-PC" duration="00:00:02.1851250" startTime="2012-04-01T12:10:47.8545941-04:00" endTime="2012-04-01T12:10:50.0397191-04:00" testType="13cdc9d9-ddb5-4fa4-a97d-d965ccfc6d4b" outcome="Aborted" testListId="8c84fa94-04c1-424b-9868-57a2d4851a1d" relativeResultsDirectory="6905f88d-93fe-4d31-97e5-2036a184a6b3">
      <Output>
        <StdOut>9 + 9
9 + 9
1 + 1
8 + 8
1 + 3
3 + 3
0 + 0
2 + 2
4 + 4
5 + 5
7 + 7
6 + 6
4 + 6
6 + 4
4 + 7
0 + 7
5 + 2
7 + 4
9 + 6
8 + 0
1 + 9
4 + 8
7 + 0
2 + 9
5 + 5
6 + 6
9 + 9
0 + 0
8 + 8
7 + 7</StdOut>
        <DebugTrace>QTAgent32.exe Information: 0 : Expression added to cache: 9 + 9
QTAgent32.exe Information: 0 : Expression added to cache: 9 + 9
QTAgent32.exe Information: 0 : Expression added to cache: 1 + 1
QTAgent32.exe Information: 0 : Expression added to cache: 8 + 8
QTAgent32.exe Information: 0 : Expression retrieved from cache: 8 + 8
QTAgent32.exe Information: 0 : Expression retrieved from cache: 1 + 1
QTAgent32.exe Information: 0 : Expression retrieved from cache: 1 + 1
QTAgent32.exe Information: 0 : Expression retrieved from cache: 1 + 1
QTAgent32.exe Information: 0 : Expression added to cache: 1 + 3
QTAgent32.exe Information: 0 : Expression added to cache: 3 + 3
QTAgent32.exe Information: 0 : Expression retrieved from cache: 3 + 3
QTAgent32.exe Information: 0 : Expression retrieved from cache: 3 + 3
QTAgent32.exe Information: 0 : Expression added to cache: 0 + 0
QTAgent32.exe Information: 0 : Expression retrieved from cache: 3 + 3
QTAgent32.exe Information: 0 : Expression retrieved from cache: 3 + 3
QTAgent32.exe Information: 0 : Expression retrieved from cache: 3 + 3
QTAgent32.exe Information: 0 : Expression retrieved from cache: 0 + 0
QTAgent32.exe Information: 0 : Expression retrieved from cache: 0 + 0
QTAgent32.exe Information: 0 : Expression retrieved from cache: 0 + 0
QTAgent32.exe Information: 0 : Expression retrieved from cache: 0 + 0
QTAgent32.exe Information: 0 : Expression retrieved from cache: 0 + 0
QTAgent32.exe Information: 0 : Expression added to cache: 2 + 2
QTAgent32.exe Information: 0 : Expression retrieved from cache: 2 + 2
QTAgent32.exe Information: 0 : Expression added to cache: 4 + 4
QTAgent32.exe Information: 0 : Expression retrieved from cache: 4 + 4
QTAgent32.exe Information: 0 : Expression retrieved from cache: 2 + 2
QTAgent32.exe Information: 0 : Expression retrieved from cache: 1 + 1
QTAgent32.exe Information: 0 : Expression retrieved from cache: 3 + 3
QTAgent32.exe Information: 0 : Expression added to cache: 5 + 5
QTAgent32.exe Information: 0 : Expression retrieved from cache: 3 + 3
QTAgent32.exe Information: 0 : Expression added to cache: 7 + 7
QTAgent32.exe Information: 0 : Expression retrieved from cache: 7 + 7
QTAgent32.exe Information: 0 : Expression retrieved from cache: 7 + 7
QTAgent32.exe Information: 0 : Expression retrieved from cache: 4 + 4
QTAgent32.exe Information: 0 : Expression retrieved from cache: 4 + 4
QTAgent32.exe Information: 0 : Expression retrieved from cache: 4 + 4
QTAgent32.exe Information: 0 : Expression retrieved from cache: 4 + 4
QTAgent32.exe Information: 0 : Expression retrieved from cache: 4 + 4
QTAgent32.exe Information: 0 : Expression added to cache: 6 + 6
QTAgent32.exe Information: 0 : Expression retrieved from cache: 6 + 6
QTAgent32.exe Information: 0 : Expression retrieved from cache: 6 + 6
QTAgent32.exe Information: 0 : Expression retrieved from cache: 6 + 6
QTAgent32.exe Information: 0 : Expression retrieved from cache: 6 + 6
QTAgent32.exe Information: 0 : Expression retrieved from cache: 4 + 4
QTAgent32.exe Information: 0 : Expression retrieved from cache: 4 + 4
QTAgent32.exe Information: 0 : Expression added to cache: 4 + 6
QTAgent32.exe Information: 0 : Expression retrieved from cache: 6 + 6
QTAgent32.exe Information: 0 : Expression retrieved from cache: 6 + 6
QTAgent32.exe Information: 0 : Expression retrieved from cache: 6 + 6
QTAgent32.exe Information: 0 : Expression retrieved from cache: 6 + 6
QTAgent32.exe Information: 0 : Expression added to cache: 6 + 4
QTAgent32.exe Information: 0 : Expression retrieved from cache: 4 + 4
QTAgent32.exe Information: 0 : Expression retrieved from cache: 4 + 4
QTAgent32.exe Information: 0 : Expression retrieved from cache: 4 + 4
QTAgent32.exe Information: 0 : Expression retrieved from cache: 4 + 4
QTAgent32.exe Information: 0 : Expression retrieved from cache: 6 + 6
QTAgent32.exe Information: 0 : Expression retrieved from cache: 6 + 6
QTAgent32.exe Information: 0 : Expression retrieved from cache: 6 + 6
QTAgent32.exe Information: 0 : Expression retrieved from cache: 6 + 6
QTAgent32.exe Information: 0 : Expression retrieved from cache: 6 + 6
QTAgent32.exe Information: 0 : Expression retrieved from cache: 5 + 5
QTAgent32.exe Information: 0 : Expression retrieved from cache: 5 + 5
QTAgent32.exe Information: 0 : Expression retrieved from cache: 5 + 5
QTAgent32.exe Information: 0 : Expression retrieved from cache: 7 + 7
QTAgent32.exe Information: 0 : Expression retrieved from cache: 7 + 7
QTAgent32.exe Information: 0 : Expression retrieved from cache: 7 + 7
QTAgent32.exe Information: 0 : Expression retrieved from cache: 7 + 7
QTAgent32.exe Information: 0 : Expression retrieved from cache: 7 + 7
QTAgent32.exe Information: 0 : Expression retrieved from cache: 5 + 5
QTAgent32.exe Information: 0 : Expression retrieved from cache: 5 + 5
QTAgent32.exe Information: 0 : Expression retrieved from cache: 7 + 7
QTAgent32.exe Information: 0 : Expression retrieved from cache: 7 + 7
QTAgent32.exe Information: 0 : Expression retrieved from cache: 7 + 7
QTAgent32.exe Information: 0 : Expression retrieved from cache: 7 + 7
QTAgent32.exe Information: 0 : Expression retrieved from cache: 7 + 7
QTAgent32.exe Information: 0 : Expression retrieved from cache: 4 + 4
QTAgent32.exe Information: 0 : Expression retrieved from cache: 4 + 4
QTAgent32.exe Information: 0 : Expression retrieved from cache: 4 + 4
QTAgent32.exe Information: 0 : Expression retrieved from cache: 4 + 4
QTAgent32.exe Information: 0 : Expression retrieved from cache: 4 + 4
QTAgent32.exe Information: 0 : Expression added to cache: 4 + 7
QTAgent32.exe Information: 0 : Expression retrieved from cache: 7 + 7
QTAgent32.exe Information: 0 : Expression retrieved from cache: 7 + 7
QTAgent32.exe Information: 0 : Expression retrieved from cache: 7 + 7
QTAgent32.exe Information: 0 : Expression retrieved from cache: 7 + 7
QTAgent32.exe Information: 0 : Expression retrieved from cache: 9 + 9
QTAgent32.exe Information: 0 : Expression retrieved from cache: 9 + 9
QTAgent32.exe Information: 0 : Expression retrieved from cache: 9 + 9
QTAgent32.exe Information: 0 : Expression retrieved from cache: 9 + 9
QTAgent32.exe Information: 0 : Expression retrieved from cache: 9 + 9
QTAgent32.exe Information: 0 : Expression retrieved from cache: 8 + 8
QTAgent32.exe Information: 0 : Expression retrieved from cache: 8 + 8
QTAgent32.exe Information: 0 : Expression retrieved from cache: 8 + 8
QTAgent32.exe Information: 0 : Expression retrieved from cache: 5 + 5
QTAgent32.exe Information: 0 : Expression added to cache: 0 + 7
QTAgent32.exe Information: 0 : Expression retrieved from cache: 7 + 7
QTAgent32.exe Information: 0 : Expression retrieved from cache: 7 + 7
QTAgent32.exe Information: 0 : Expression retrieved from cache: 7 + 7
QTAgent32.exe Information: 0 : Expression retrieved from cache: 9 + 9
QTAgent32.exe Information: 0 : Expression retrieved from cache: 9 + 9
QTAgent32.exe Information: 0 : Expression retrieved from cache: 9 + 9
QTAgent32.exe Information: 0 : Expression retrieved from cache: 9 + 9
QTAgent32.exe Information: 0 : Expression retrieved from cache: 1 + 1
QTAgent32.exe Information: 0 : Expression retrieved from cache: 1 + 1
QTAgent32.exe Information: 0 : Expression retrieved from cache: 1 + 1
QTAgent32.exe Information: 0 : Expression retrieved from cache: 9 + 9
QTAgent32.exe Information: 0 : Expression retrieved from cache: 9 + 9
QTAgent32.exe Information: 0 : Expression retrieved from cache: 9 + 9
QTAgent32.exe Information: 0 : Expression added to cache: 5 + 2
QTAgent32.exe Information: 0 : Expression retrieved from cache: 4 + 4
QTAgent32.exe Information: 0 : Expression retrieved from cache: 4 + 4
QTAgent32.exe Information: 0 : Expression retrieved from cache: 6 + 6
QTAgent32.exe Information: 0 : Expression retrieved from cache: 6 + 6
QTAgent32.exe Information: 0 : Expression retrieved from cache: 6 + 6
QTAgent32.exe Information: 0 : Expression retrieved from cache: 6 + 6
QTAgent32.exe Information: 0 : Expression retrieved from cache: 6 + 6
QTAgent32.exe Information: 0 : Expression retrieved from cache: 4 + 4
QTAgent32.exe Information: 0 : Expression retrieved from cache: 4 + 4
QTAgent32.exe Information: 0 : Expression retrieved from cache: 4 + 4
QTAgent32.exe Information: 0 : Expression retrieved from cache: 4 + 4
QTAgent32.exe Information: 0 : Expression retrieved from cache: 3 + 3
QTAgent32.exe Information: 0 : Expression retrieved from cache: 3 + 3
QTAgent32.exe Information: 0 : Expression retrieved from cache: 5 + 5
QTAgent32.exe Information: 0 : Expression retrieved from cache: 5 + 5
QTAgent32.exe Information: 0 : Expression retrieved from cache: 5 + 5
QTAgent32.exe Information: 0 : Expression retrieved from cache: 5 + 5
QTAgent32.exe Information: 0 : Expression retrieved from cache: 5 + 5
QTAgent32.exe Information: 0 : Expression retrieved from cache: 5 + 5
QTAgent32.exe Information: 0 : Expression retrieved from cache: 5 + 5
QTAgent32.exe Information: 0 : Expression retrieved from cache: 7 + 7
QTAgent32.exe Information: 0 : Expression retrieved from cache: 7 + 7
QTAgent32.exe Information: 0 : Expression retrieved from cache: 7 + 7
QTAgent32.exe Information: 0 : Expression retrieved from cache: 7 + 7
QTAgent32.exe Information: 0 : Expression retrieved from cache: 7 + 7
QTAgent32.exe Information: 0 : Expression added to cache: 7 + 4
QTAgent32.exe Information: 0 : Expression retrieved from cache: 7 + 7
QTAgent32.exe Information: 0 : Expression retrieved from cache: 7 + 7
QTAgent32.exe Information: 0 : Expression retrieved from cache: 7 + 7
QTAgent32.exe Information: 0 : Expression retrieved from cache: 9 + 9
QTAgent32.exe Information: 0 : Expression retrieved from cache: 9 + 9
QTAgent32.exe Information: 0 : Expression retrieved from cache: 9 + 9
QTAgent32.exe Information: 0 : Expression retrieved from cache: 9 + 9
QTAgent32.exe Information: 0 : Expression added to cache: 9 + 6
QTAgent32.exe Information: 0 : Expression retrieved from cache: 6 + 6
QTAgent32.exe Information: 0 : Expression retrieved from cache: 6 + 6
QTAgent32.exe Information: 0 : Expression retrieved from cache: 6 + 6
QTAgent32.exe Information: 0 : Expression retrieved from cache: 6 + 6
QTAgent32.exe Information: 0 : Expression retrieved from cache: 9 + 9
QTAgent32.exe Information: 0 : Expression retrieved from cache: 9 + 9
QTAgent32.exe Information: 0 : Expression retrieved from cache: 9 + 9
QTAgent32.exe Information: 0 : Expression retrieved from cache: 8 + 8
QTAgent32.exe Information: 0 : Expression retrieved from cache: 8 + 8
QTAgent32.exe Information: 0 : Expression retrieved from cache: 0 + 0
QTAgent32.exe Information: 0 : Expression retrieved from cache: 0 + 0
QTAgent32.exe Information: 0 : Expression retrieved from cache: 7 + 7
QTAgent32.exe Information: 0 : Expression retrieved from cache: 7 + 7
QTAgent32.exe Information: 0 : Expression retrieved from cache: 0 + 0
QTAgent32.exe Information: 0 : Expression retrieved from cache: 2 + 2
QTAgent32.exe Information: 0 : Expression retrieved from cache: 4 + 4
QTAgent32.exe Information: 0 : Expression retrieved from cache: 3 + 3
QTAgent32.exe Information: 0 : Expression retrieved from cache: 3 + 3
QTAgent32.exe Information: 0 : Expression retrieved from cache: 3 + 3
QTAgent32.exe Information: 0 : Expression retrieved from cache: 5 + 5
QTAgent32.exe Information: 0 : Expression retrieved from cache: 5 + 5
QTAgent32.exe Information: 0 : Expression retrieved from cache: 5 + 2
QTAgent32.exe Information: 0 : Expression retrieved from cache: 2 + 2
QTAgent32.exe Information: 0 : Expression retrieved from cache: 2 + 2
QTAgent32.exe Information: 0 : Expression retrieved from cache: 5 + 5
QTAgent32.exe Information: 0 : Expression retrieved from cache: 5 + 5
QTAgent32.exe Information: 0 : Expression retrieved from cache: 5 + 5
QTAgent32.exe Information: 0 : Expression retrieved from cache: 7 + 7
QTAgent32.exe Information: 0 : Expression retrieved from cache: 7 + 7
QTAgent32.exe Information: 0 : Expression retrieved from cache: 7 + 4
QTAgent32.exe Information: 0 : Expression retrieved from cache: 4 + 4
QTAgent32.exe Information: 0 : Expression retrieved from cache: 7 + 7
QTAgent32.exe Information: 0 : Expression retrieved from cache: 7 + 7
QTAgent32.exe Information: 0 : Expression retrieved from cache: 4 + 4
QTAgent32.exe Information: 0 : Expression retrieved from cache: 4 + 4
QTAgent32.exe Information: 0 : Expression retrieved from cache: 4 + 4
QTAgent32.exe Information: 0 : Expression retrieved from cache: 6 + 6
QTAgent32.exe Information: 0 : Expression retrieved from cache: 5 + 5
QTAgent32.exe Information: 0 : Expression retrieved from cache: 5 + 5
QTAgent32.exe Information: 0 : Expression retrieved from cache: 5 + 5
QTAgent32.exe Information: 0 : Expression retrieved from cache: 8 + 8
QTAgent32.exe Information: 0 : Expression retrieved from cache: 5 + 5
QTAgent32.exe Information: 0 : Expression retrieved from cache: 5 + 5
QTAgent32.exe Information: 0 : Expression retrieved from cache: 7 + 7
QTAgent32.exe Information: 0 : Expression retrieved from cache: 9 + 9
QTAgent32.exe Information: 0 : Expression retrieved from cache: 9 + 9
QTAgent32.exe Information: 0 : Expression retrieved from cache: 6 + 6
QTAgent32.exe Information: 0 : Expression retrieved from cache: 6 + 6
QTAgent32.exe Information: 0 : Expression retrieved from cache: 6 + 6
QTAgent32.exe Information: 0 : Expression retrieved from cache: 6 + 6
QTAgent32.exe Information: 0 : Expression retrieved from cache: 6 + 6
QTAgent32.exe Information: 0 : Expression retrieved from cache: 8 + 8
QTAgent32.exe Information: 0 : Expression retrieved from cache: 8 + 8
QTAgent32.exe Information: 0 : Expression retrieved from cache: 8 + 8
QTAgent32.exe Information: 0 : Expression retrieved from cache: 6 + 6
QTAgent32.exe Information: 0 : Expression retrieved from cache: 6 + 6
QTAgent32.exe Information: 0 : Expression retrieved from cache: 6 + 6
QTAgent32.exe Information: 0 : Expression retrieved from cache: 6 + 6
QTAgent32.exe Information: 0 : Expression retrieved from cache: 6 + 6
QTAgent32.exe Information: 0 : Expression retrieved from cache: 8 + 8
QTAgent32.exe Information: 0 : Expression retrieved from cache: 8 + 8
QTAgent32.exe Information: 0 : Expression retrieved from cache: 8 + 8
QTAgent32.exe Information: 0 : Expression retrieved from cache: 8 + 8
QTAgent32.exe Information: 0 : Expression retrieved from cache: 8 + 8
QTAgent32.exe Information: 0 : Expression added to cache: 8 + 0
QTAgent32.exe Information: 0 : Expression retrieved from cache: 0 + 0
QTAgent32.exe Information: 0 : Expression retrieved from cache: 0 + 0
QTAgent32.exe Information: 0 : Expression retrieved from cache: 9 + 9
QTAgent32.exe Information: 0 : Expression retrieved from cache: 9 + 9
QTAgent32.exe Information: 0 : Expression retrieved from cache: 9 + 9
QTAgent32.exe Information: 0 : Expression retrieved from cache: 7 + 7
QTAgent32.exe Information: 0 : Expression retrieved from cache: 7 + 7
QTAgent32.exe Information: 0 : Expression retrieved from cache: 7 + 7
QTAgent32.exe Information: 0 : Expression retrieved from cache: 7 + 7
QTAgent32.exe Information: 0 : Expression retrieved from cache: 7 + 7
QTAgent32.exe Information: 0 : Expression retrieved from cache: 9 + 9
QTAgent32.exe Information: 0 : Expression retrieved from cache: 9 + 9
QTAgent32.exe Information: 0 : Expression retrieved from cache: 9 + 9
QTAgent32.exe Information: 0 : Expression retrieved from cache: 9 + 9
QTAgent32.exe Information: 0 : Expression retrieved from cache: 9 + 9
QTAgent32.exe Information: 0 : Expression retrieved from cache: 1 + 1
QTAgent32.exe Information: 0 : Expression retrieved from cache: 1 + 1
QTAgent32.exe Information: 0 : Expression retrieved from cache: 1 + 1
QTAgent32.exe Information: 0 : Expression retrieved from cache: 1 + 1
QTAgent32.exe Information: 0 : Expression retrieved from cache: 1 + 1
QTAgent32.exe Information: 0 : Expression retrieved from cache: 9 + 9
QTAgent32.exe Information: 0 : Expression retrieved from cache: 9 + 9
QTAgent32.exe Information: 0 : Expression retrieved from cache: 9 + 9
QTAgent32.exe Information: 0 : Expression retrieved from cache: 9 + 9
QTAgent32.exe Information: 0 : Expression retrieved from cache: 9 + 9
QTAgent32.exe Information: 0 : Expression retrieved from cache: 1 + 1
QTAgent32.exe Information: 0 : Expression retrieved from cache: 1 + 1
QTAgent32.exe Information: 0 : Expression retrieved from cache: 1 + 1
QTAgent32.exe Information: 0 : Expression retrieved from cache: 1 + 1
QTAgent32.exe Information: 0 : Expression added to cache: 1 + 9
QTAgent32.exe Information: 0 : Expression retrieved from cache: 9 + 9
QTAgent32.exe Information: 0 : Expression retrieved from cache: 1 + 1
QTAgent32.exe Information: 0 : Expression retrieved from cache: 0 + 0
QTAgent32.exe Information: 0 : Expression retrieved from cache: 4 + 4
QTAgent32.exe Information: 0 : Expression retrieved from cache: 2 + 2
QTAgent32.exe Information: 0 : Expression retrieved from cache: 6 + 6
QTAgent32.exe Information: 0 : Expression added to cache: 4 + 8
QTAgent32.exe Information: 0 : Expression retrieved from cache: 8 + 8
QTAgent32.exe Information: 0 : Expression retrieved from cache: 8 + 8
QTAgent32.exe Information: 0 : Expression retrieved from cache: 0 + 0
QTAgent32.exe Information: 0 : Expression retrieved from cache: 0 + 0
QTAgent32.exe Information: 0 : Expression retrieved from cache: 7 + 7
QTAgent32.exe Information: 0 : Expression retrieved from cache: 0 + 0
QTAgent32.exe Information: 0 : Expression retrieved from cache: 0 + 0
QTAgent32.exe Information: 0 : Expression retrieved from cache: 4 + 4
QTAgent32.exe Information: 0 : Expression retrieved from cache: 1 + 1
QTAgent32.exe Information: 0 : Expression retrieved from cache: 7 + 7
QTAgent32.exe Information: 0 : Expression retrieved from cache: 7 + 7
QTAgent32.exe Information: 0 : Expression retrieved from cache: 9 + 9
QTAgent32.exe Information: 0 : Expression retrieved from cache: 1 + 1
QTAgent32.exe Information: 0 : Expression retrieved from cache: 2 + 2
QTAgent32.exe Information: 0 : Expression retrieved from cache: 4 + 4
QTAgent32.exe Information: 0 : Expression retrieved from cache: 0 + 0
QTAgent32.exe Information: 0 : Expression retrieved from cache: 7 + 7
QTAgent32.exe Information: 0 : Expression retrieved from cache: 7 + 7
QTAgent32.exe Information: 0 : Expression retrieved from cache: 9 + 9
QTAgent32.exe Information: 0 : Expression retrieved from cache: 2 + 2
QTAgent32.exe Information: 0 : Expression retrieved from cache: 4 + 4
QTAgent32.exe Information: 0 : Expression retrieved from cache: 2 + 2
QTAgent32.exe Information: 0 : Expression retrieved from cache: 6 + 6
QTAgent32.exe Information: 0 : Expression retrieved from cache: 8 + 8
QTAgent32.exe Information: 0 : Expression retrieved from cache: 1 + 1
QTAgent32.exe Information: 0 : Expression retrieved from cache: 0 + 0
QTAgent32.exe Information: 0 : Expression retrieved from cache: 0 + 0
QTAgent32.exe Information: 0 : Expression retrieved from cache: 3 + 3
QTAgent32.exe Information: 0 : Expression retrieved from cache: 5 + 5
QTAgent32.exe Information: 0 : Expression retrieved from cache: 5 + 5
QTAgent32.exe Information: 0 : Expression retrieved from cache: 3 + 3
QTAgent32.exe Information: 0 : Expression retrieved from cache: 1 + 1
QTAgent32.exe Information: 0 : Expression retrieved from cache: 9 + 9
QTAgent32.exe Information: 0 : Expression retrieved from cache: 9 + 9
QTAgent32.exe Information: 0 : Expression retrieved from cache: 1 + 1
QTAgent32.exe Information: 0 : Expression retrieved from cache: 1 + 1
QTAgent32.exe Information: 0 : Expression retrieved from cache: 8 + 8
QTAgent32.exe Information: 0 : Expression retrieved from cache: 8 + 8
QTAgent32.exe Information: 0 : Expression retrieved from cache: 1 + 1
QTAgent32.exe Information: 0 : Expression retrieved from cache: 1 + 1
QTAgent32.exe Information: 0 : Expression retrieved from cache: 1 + 1
QTAgent32.exe Information: 0 : Expression retrieved from cache: 3 + 3
QTAgent32.exe Information: 0 : Expression retrieved from cache: 3 + 3
QTAgent32.exe Information: 0 : Expression retrieved from cache: 3 + 3
QTAgent32.exe Information: 0 : Expression retrieved from cache: 2 + 2
QTAgent32.exe Information: 0 : Expression retrieved from cache: 2 + 2
QTAgent32.exe Information: 0 : Expression retrieved from cache: 5 + 5
QTAgent32.exe Information: 0 : Expression retrieved from cache: 7 + 7
QTAgent32.exe Information: 0 : Expression retrieved from cache: 7 + 7
QTAgent32.exe Information: 0 : Expression retrieved from cache: 5 + 5
QTAgent32.exe Information: 0 : Expression retrieved from cache: 5 + 5
QTAgent32.exe Information: 0 : Expression retrieved from cache: 5 + 5
QTAgent32.exe Information: 0 : Expression retrieved from cache: 7 + 7
QTAgent32.exe Information: 0 : Expression retrieved from cache: 7 + 7
QTAgent32.exe Information: 0 : Expression retrieved from cache: 6 + 6
QTAgent32.exe Information: 0 : Expression retrieved from cache: 6 + 6
QTAgent32.exe Information: 0 : Expression retrieved from cache: 2 + 2
QTAgent32.exe Information: 0 : Expression retrieved from cache: 9 + 9
QTAgent32.exe Information: 0 : Expression retrieved from cache: 3 + 3
QTAgent32.exe Information: 0 : Expression retrieved from cache: 5 + 5
QTAgent32.exe Information: 0 : Expression retrieved from cache: 5 + 5
QTAgent32.exe Information: 0 : Expression retrieved from cache: 9 + 9
QTAgent32.exe Information: 0 : Expression retrieved from cache: 6 + 6
QTAgent32.exe Information: 0 : Expression retrieved from cache: 8 + 8
QTAgent32.exe Information: 0 : Expression retrieved from cache: 8 + 8
QTAgent32.exe Information: 0 : Expression retrieved from cache: 8 + 8
QTAgent32.exe Information: 0 : Expression retrieved from cache: 0 + 0
QTAgent32.exe Information: 0 : Expression retrieved from cache: 0 + 0
QTAgent32.exe Information: 0 : Expression retrieved from cache: 7 + 7
QTAgent32.exe Information: 0 : Expression retrieved from cache: 7 + 7
QTAgent32.exe Information: 0 : Expression retrieved from cache: 7 + 7
QTAgent32.exe Information: 0 : Expression retrieved from cache: 0 + 0
QTAgent32.exe Information: 0 : Expression retrieved from cache: 0 + 0
QTAgent32.exe Information: 0 : Expression retrieved from cache: 0 + 0
QTAgent32.exe Information: 0 : Expression retrieved from cache: 2 + 2
QTAgent32.exe Information: 0 : Expression retrieved from cache: 2 + 2
QTAgent32.exe Information: 0 : Expression retrieved from cache: 2 + 2
QTAgent32.exe Information: 0 : Expression retrieved from cache: 4 + 4
QTAgent32.exe Information: 0 : Expression retrieved from cache: 4 + 4
QTAgent32.exe Information: 0 : Expression retrieved from cache: 6 + 6
QTAgent32.exe Information: 0 : Expression retrieved from cache: 6 + 6
QTAgent32.exe Information: 0 : Expression retrieved from cache: 4 + 4
QTAgent32.exe Information: 0 : Expression retrieved from cache: 4 + 4
QTAgent32.exe Information: 0 : Expression retrieved from cache: 4 + 4
QTAgent32.exe Information: 0 : Expression retrieved from cache: 6 + 6
QTAgent32.exe Information: 0 : Expression retrieved from cache: 5 + 5
QTAgent32.exe Information: 0 : Expression retrieved from cache: 7 + 7
QTAgent32.exe Information: 0 : Expression retrieved from cache: 7 + 7
QTAgent32.exe Information: 0 : Expression retrieved from cache: 7 + 7
QTAgent32.exe Information: 0 : Expression retrieved from cache: 4 + 4
QTAgent32.exe Information: 0 : Expression retrieved from cache: 4 + 4
QTAgent32.exe Information: 0 : Expression retrieved from cache: 4 + 4
QTAgent32.exe Information: 0 : Expression retrieved from cache: 7 + 7
QTAgent32.exe Information: 0 : Expression retrieved from cache: 7 + 7
QTAgent32.exe Information: 0 : Expression retrieved from cache: 4 + 4
QTAgent32.exe Information: 0 : Expression retrieved from cache: 4 + 4
QTAgent32.exe Information: 0 : Expression retrieved from cache: 4 + 4
QTAgent32.exe Information: 0 : Expression retrieved from cache: 6 + 6
QTAgent32.exe Information: 0 : Expression retrieved from cache: 6 + 6
QTAgent32.exe Information: 0 : Expression retrieved from cache: 6 + 6
QTAgent32.exe Information: 0 : Expression retrieved from cache: 8 + 8
QTAgent32.exe Information: 0 : Expression retrieved from cache: 8 + 8
QTAgent32.exe Information: 0 : Expression retrieved from cache: 6 + 6
QTAgent32.exe Information: 0 : Expression retrieved from cache: 6 + 6
QTAgent32.exe Information: 0 : Expression retrieved from cache: 8 + 8
QTAgent32.exe Information: 0 : Expression retrieved from cache: 8 + 8
QTAgent32.exe Information: 0 : Expression retrieved from cache: 8 + 8
QTAgent32.exe Information: 0 : Expression retrieved from cache: 6 + 6
QTAgent32.exe Information: 0 : Expression retrieved from cache: 6 + 6
QTAgent32.exe Information: 0 : Expression retrieved from cache: 6 + 6
QTAgent32.exe Information: 0 : Expression retrieved from cache: 8 + 8
QTAgent32.exe Information: 0 : Expression retrieved from cache: 8 + 8
QTAgent32.exe Information: 0 : Expression retrieved from cache: 5 + 5
QTAgent32.exe Information: 0 : Expression retrieved from cache: 5 + 5
QTAgent32.exe Information: 0 : Expression retrieved from cache: 5 + 5
QTAgent32.exe Information: 0 : Expression retrieved from cache: 1 + 1
QTAgent32.exe Information: 0 : Expression retrieved from cache: 3 + 3
QTAgent32.exe Information: 0 : Expression retrieved from cache: 1 + 1
QTAgent32.exe Information: 0 : Expression retrieved from cache: 3 + 3
QTAgent32.exe Information: 0 : Expression retrieved from cache: 3 + 3
QTAgent32.exe Information: 0 : Expression retrieved from cache: 7 + 7
QTAgent32.exe Information: 0 : Expression retrieved from cache: 7 + 7
QTAgent32.exe Information: 0 : Expression added to cache: 7 + 0
QTAgent32.exe Information: 0 : Expression retrieved from cache: 0 + 0
QTAgent32.exe Information: 0 : Expression retrieved from cache: 7 + 7
QTAgent32.exe Information: 0 : Expression retrieved from cache: 9 + 9
QTAgent32.exe Information: 0 : Expression retrieved from cache: 2 + 2
QTAgent32.exe Information: 0 : Expression added to cache: 2 + 9
QTAgent32.exe Information: 0 : Expression retrieved from cache: 9 + 9
QTAgent32.exe Information: 0 : Expression retrieved from cache: 1 + 1
QTAgent32.exe Information: 0 : Expression retrieved from cache: 1 + 1
QTAgent32.exe Information: 0 : Expression retrieved from cache: 2 + 2
QTAgent32.exe Information: 0 : Expression retrieved from cache: 0 + 0
QTAgent32.exe Information: 0 : Expression retrieved from cache: 2 + 2
QTAgent32.exe Information: 0 : Expression retrieved from cache: 2 + 2
QTAgent32.exe Information: 0 : Expression retrieved from cache: 4 + 4
QTAgent32.exe Information: 0 : Expression retrieved from cache: 2 + 2
QTAgent32.exe Information: 0 : Expression retrieved from cache: 4 + 4
QTAgent32.exe Information: 0 : Expression retrieved from cache: 4 + 4
QTAgent32.exe Information: 0 : Expression retrieved from cache: 2 + 2
QTAgent32.exe Information: 0 : Expression retrieved from cache: 2 + 2
QTAgent32.exe Information: 0 : Expression retrieved from cache: 4 + 4
QTAgent32.exe Information: 0 : Expression retrieved from cache: 6 + 6
QTAgent32.exe Information: 0 : Expression retrieved from cache: 6 + 6
QTAgent32.exe Information: 0 : Expression retrieved from cache: 4 + 4
QTAgent32.exe Information: 0 : Expression retrieved from cache: 0 + 7
QTAgent32.exe Information: 0 : Expression retrieved from cache: 8 + 8
QTAgent32.exe Information: 0 : Expression retrieved from cache: 3 + 3
QTAgent32.exe Information: 0 : Expression retrieved from cache: 6 + 6
QTAgent32.exe Information: 0 : Expression retrieved from cache: 3 + 3
QTAgent32.exe Information: 0 : Expression retrieved from cache: 3 + 3
QTAgent32.exe Information: 0 : Expression retrieved from cache: 3 + 3
QTAgent32.exe Information: 0 : Expression retrieved from cache: 5 + 5
QTAgent32.exe Information: 0 : Expression retrieved from cache: 5 + 5
QTAgent32.exe Information: 0 : Expression retrieved from cache: 5 + 5
QTAgent32.exe Information: 0 : Expression retrieved from cache: 8 + 8
QTAgent32.exe Information: 0 : Expression retrieved from cache: 8 + 8
QTAgent32.exe Information: 0 : Expression retrieved from cache: 8 + 8
QTAgent32.exe Information: 0 : Expression retrieved from cache: 8 + 8
QTAgent32.exe Information: 0 : Expression retrieved from cache: 5 + 5
QTAgent32.exe Information: 0 : Cache entry released: 7 % 2
QTAgent32.exe Information: 0 : Cache entry released: 6 / 2
QTAgent32.exe Information: 0 : Cache entry released: 2 * 3
QTAgent32.exe Information: 0 : Cache entry released: not false
QTAgent32.exe Information: 0 : Cache entry released: !true
QTAgent32.exe Information: 0 : Cache entry released: ([a] != 0) &amp;&amp; ([b]/[a]&gt;2)
QTAgent32.exe Information: 0 : Cache entry released: in('to' + 'to', 'titi', 'toto')
QTAgent32.exe Information: 0 : Cache entry released: in((2 + 2), [1], [2], 1 + 2, 3)
QTAgent32.exe Information: 0 : Cache entry released: in((2 + 2), [1], [2], 1 + 2, 4, 1 / 0)
QTAgent32.exe Information: 0 : Cache entry released: 2 + 3
QTAgent32.exe Information: 0 : Cache entry released: 2 - 1
QTAgent32.exe Information: 0 : Cache entry released: 1 &lt; 2
QTAgent32.exe Information: 0 : Cache entry released: 1 &gt; 2
QTAgent32.exe Information: 0 : Cache entry released: 1 &lt;= 2
QTAgent32.exe Information: 0 : Cache entry released: 1 &lt;= 1
QTAgent32.exe Information: 0 : Cache entry released: 1 &gt;= 2
QTAgent32.exe Information: 0 : Cache entry released: 1 &gt;= 1
QTAgent32.exe Information: 0 : Cache entry released: 1 = 1
QTAgent32.exe Information: 0 : Cache entry released: 1 == 1
QTAgent32.exe Information: 0 : Cache entry released: 1 != 1
QTAgent32.exe Information: 0 : Cache entry released: 1 &lt;&gt; 1
QTAgent32.exe Information: 0 : Cache entry released: 1 &amp; 1
QTAgent32.exe Information: 0 : Cache entry released: 1 | 1
QTAgent32.exe Information: 0 : Cache entry released: 1 ^ 1
QTAgent32.exe Information: 0 : Cache entry released: ~1
QTAgent32.exe Information: 0 : Cache entry released: 2 &gt;&gt; 1
QTAgent32.exe Information: 0 : Cache entry released: 2 &lt;&lt; 1
QTAgent32.exe Information: 0 : Cache entry released: true &amp;&amp; false
QTAgent32.exe Information: 0 : Cache entry released: true and false
QTAgent32.exe Information: 0 : Cache entry released: true || false
QTAgent32.exe Information: 0 : Cache entry released: true or false
QTAgent32.exe Information: 0 : Cache entry released: if(true, 0, 1)
QTAgent32.exe Information: 0 : Cache entry released: if(false, 0, 1)
QTAgent32.exe Information: 0 : Cache entry released: 2+2+2+2
QTAgent32.exe Information: 0 : Cache entry released: 2*2*2*2
QTAgent32.exe Information: 0 : Cache entry released: 2*2+2
QTAgent32.exe Information: 0 : Cache entry released: 2+2*2
QTAgent32.exe Information: 0 : Cache entry released: 1 + 2 + 3 * 4 / 2
QTAgent32.exe Information: 0 : Cache entry released: 18/2/2*3
QTAgent32.exe Information: 0 : Cache entry released: 2 + 3 + 5
QTAgent32.exe Information: 0 : Cache entry released: 2 * 3 + 5
QTAgent32.exe Information: 0 : Cache entry released: 2 * (3 + 5)
QTAgent32.exe Information: 0 : Cache entry released: 2 * (2*(2*(2+1)))
QTAgent32.exe Information: 0 : Cache entry released: 10 % 3
QTAgent32.exe Information: 0 : Cache entry released: not true
QTAgent32.exe Information: 0 : Cache entry released: false || not (false and true)
QTAgent32.exe Information: 0 : Cache entry released: 3 &gt; 2 and 1 &lt;= (3-2)
QTAgent32.exe Information: 0 : Cache entry released: 3 % 2 != 10 % 3
QTAgent32.exe Information: 0 : Cache entry released: SecretOperation(3, 6)
QTAgent32.exe Information: 0 : Cache entry released: (0=1500000)||(((0+2200000000)-1500000)&lt;0)
QTAgent32.exe Information: 0 : Cache entry released: SecretOperation([e], 6) + f
QTAgent32.exe Information: 0 : Cache entry released: if(true, func1(x) + func2(func3(y)), 0)
QTAgent32.exe Information: 0 : Cache entry released: 9 + 9
QTAgent32.exe Information: 0 : Cache entry released: 1 + 1
QTAgent32.exe Information: 0 : Cache entry released: 8 + 8
QTAgent32.exe Information: 0 : Cache entry released: 1 + 3
QTAgent32.exe Information: 0 : Cache entry released: 3 + 3
QTAgent32.exe Information: 0 : Cache entry released: 0 + 0
QTAgent32.exe Information: 0 : Cache entry released: 2 + 2
QTAgent32.exe Information: 0 : Cache entry released: 4 + 4
QTAgent32.exe Information: 0 : Cache entry released: 7 + 7
QTAgent32.exe Information: 0 : Cache entry released: 6 + 6
QTAgent32.exe Information: 0 : Cache entry released: 4 + 6
QTAgent32.exe Information: 0 : Cache entry released: 6 + 4
QTAgent32.exe Information: 0 : Cache entry released: 4 + 7
QTAgent32.exe Information: 0 : Cache entry released: 0 + 7
QTAgent32.exe Information: 0 : Cache entry released: 5 + 2
QTAgent32.exe Information: 0 : Cache entry released: 7 + 4
QTAgent32.exe Information: 0 : Cache entry released: 9 + 6
QTAgent32.exe Information: 0 : Cache entry released: 8 + 0
QTAgent32.exe Information: 0 : Cache entry released: 1 + 9
QTAgent32.exe Information: 0 : Cache entry released: 4 + 8
QTAgent32.exe Information: 0 : Cache entry released: 7 + 0
QTAgent32.exe Information: 0 : Cache entry released: 2 + 9
QTAgent32.exe Information: 0 : Expression added to cache: 5 + 5
QTAgent32.exe Information: 0 : Expression added to cache: 6 + 6
QTAgent32.exe Information: 0 : Expression added to cache: 9 + 9
QTAgent32.exe Information: 0 : Expression added to cache: 0 + 0
QTAgent32.exe Information: 0 : Expression retrieved from cache: 0 + 0
QTAgent32.exe Information: 0 : Expression added to cache: 8 + 8
QTAgent32.exe Information: 0 : Expression retrieved from cache: 8 + 8
QTAgent32.exe Information: 0 : Expression retrieved from cache: 8 + 8
QTAgent32.exe Information: 0 : Expression retrieved from cache: 8 + 8
QTAgent32.exe Information: 0 : Expression retrieved from cache: 0 + 0
QTAgent32.exe Information: 0 : Expression retrieved from cache: 0 + 0
QTAgent32.exe Information: 0 : Expression retrieved from cache: 0 + 0
QTAgent32.exe Information: 0 : Expression retrieved from cache: 0 + 0
QTAgent32.exe Information: 0 : Expression added to cache: 7 + 7
QTAgent32.exe Information: 0 : Expression retrieved from cache: 7 + 7
QTAgent32.exe Information: 0 : Expression retrieved from cache: 7 + 7
</DebugTrace>
        <ErrorInfo>
          <Message>User aborted test run.</Message>
        </ErrorInfo>
      </Output>
    </UnitTestResult>
    <UnitTestResult executionId="56dd0385-656a-4e97-8db7-99a2d001b09e" testId="4d8a6cc3-ab05-967a-37bc-cd67f9f06499" testName="ShouldHandleCaseSensitiveness" computerName="STASY-PC" testType="13cdc9d9-ddb5-4fa4-a97d-d965ccfc6d4b" outcome="NotExecuted" testListId="8c84fa94-04c1-424b-9868-57a2d4851a1d" relativeResultsDirectory="56dd0385-656a-4e97-8db7-99a2d001b09e">
    </UnitTestResult>
    <UnitTestResult executionId="5b0253b8-f89a-4f52-8aa1-06a00f31710a" testId="50851ca9-ead5-7cae-eeeb-136bbca96976" testName="ShouldEscapeCharacters" computerName="STASY-PC" testType="13cdc9d9-ddb5-4fa4-a97d-d965ccfc6d4b" outcome="NotExecuted" testListId="8c84fa94-04c1-424b-9868-57a2d4851a1d" relativeResultsDirectory="5b0253b8-f89a-4f52-8aa1-06a00f31710a">
    </UnitTestResult>
    <UnitTestResult executionId="cbc156af-171c-4d19-9e00-440189b3ba5a" testId="59c0caa0-1bac-8a6c-5b20-5f4e424a51c5" testName="ShouldParseScientificNotation" computerName="STASY-PC" testType="13cdc9d9-ddb5-4fa4-a97d-d965ccfc6d4b" outcome="NotExecuted" testListId="8c84fa94-04c1-424b-9868-57a2d4851a1d" relativeResultsDirectory="cbc156af-171c-4d19-9e00-440189b3ba5a">
    </UnitTestResult>
    <UnitTestResult executionId="80cc9b5b-237a-4b8e-82de-e322171320a1" testId="6fe53641-9902-920a-89ad-6161ced249dc" testName="ShouldHandleUnicode" computerName="STASY-PC" testType="13cdc9d9-ddb5-4fa4-a97d-d965ccfc6d4b" outcome="NotExecuted" testListId="8c84fa94-04c1-424b-9868-57a2d4851a1d" relativeResultsDirectory="80cc9b5b-237a-4b8e-82de-e322171320a1">
    </UnitTestResult>
    <UnitTestResult executionId="61deda93-dded-4d76-a0f8-cbe4aba6fc4d" testId="778d5a49-70b2-378f-89c5-3a8ec74c3a38" testName="ShouldNotConvertRealTypes" computerName="STASY-PC" testType="13cdc9d9-ddb5-4fa4-a97d-d965ccfc6d4b" outcome="NotExecuted" testListId="8c84fa94-04c1-424b-9868-57a2d4851a1d" relativeResultsDirectory="61deda93-dded-4d76-a0f8-cbe4aba6fc4d">
    </UnitTestResult>
    <UnitTestResult executionId="993fc89d-7b47-4397-b8ff-4476f53469d6" testId="86c14894-d5f2-00ea-69b6-5d894ad03bfe" testName="ShouldEvaluateConditionnal" computerName="STASY-PC" testType="13cdc9d9-ddb5-4fa4-a97d-d965ccfc6d4b" outcome="NotExecuted" testListId="8c84fa94-04c1-424b-9868-57a2d4851a1d" relativeResultsDirectory="993fc89d-7b47-4397-b8ff-4476f53469d6">
    </UnitTestResult>
    <UnitTestResult executionId="6dc1f84b-2e80-4bc3-bbd5-e6e06d73377e" testId="8905f16c-c6ec-1d0d-831a-4c657b1b582c" testName="ShouldRoundAwayFromZero" computerName="STASY-PC" testType="13cdc9d9-ddb5-4fa4-a97d-d965ccfc6d4b" outcome="NotExecuted" testListId="8c84fa94-04c1-424b-9868-57a2d4851a1d" relativeResultsDirectory="6dc1f84b-2e80-4bc3-bbd5-e6e06d73377e">
    </UnitTestResult>
    <UnitTestResult executionId="fca029ea-788d-460e-9848-8ba3613f2848" testId="8fafc336-58b1-0d6f-2efb-571efef47a9c" testName="ShouldOverrideExistingFunctions" computerName="STASY-PC" testType="13cdc9d9-ddb5-4fa4-a97d-d965ccfc6d4b" outcome="NotExecuted" testListId="8c84fa94-04c1-424b-9868-57a2d4851a1d" relativeResultsDirectory="fca029ea-788d-460e-9848-8ba3613f2848">
    </UnitTestResult>
    <UnitTestResult executionId="10eb7619-9038-4747-9d0c-f4ef62ade4d3" testId="99604dcc-de04-2cf7-98b8-1efc5861e4da" testName="ShouldDetectSyntaxErrorsBeforeEvaluation" computerName="STASY-PC" testType="13cdc9d9-ddb5-4fa4-a97d-d965ccfc6d4b" outcome="NotExecuted" testListId="8c84fa94-04c1-424b-9868-57a2d4851a1d" relativeResultsDirectory="10eb7619-9038-4747-9d0c-f4ef62ade4d3">
    </UnitTestResult>
    <UnitTestResult executionId="efdce592-18bd-4f1e-bda1-e6ba333db01a" testId="a0ac7277-292f-26b0-8d71-7a7d83cf2fac" testName="ShouldCompareDates" computerName="STASY-PC" testType="13cdc9d9-ddb5-4fa4-a97d-d965ccfc6d4b" outcome="NotExecuted" testListId="8c84fa94-04c1-424b-9868-57a2d4851a1d" relativeResultsDirectory="efdce592-18bd-4f1e-bda1-e6ba333db01a">
    </UnitTestResult>
    <UnitTestResult executionId="2428c85d-8bee-4e4e-ada2-2ec5b28fcf4b" testId="a3f2f0fc-a144-21e9-192b-729b833a050d" testName="Maths" computerName="STASY-PC" testType="13cdc9d9-ddb5-4fa4-a97d-d965ccfc6d4b" outcome="NotExecuted" testListId="8c84fa94-04c1-424b-9868-57a2d4851a1d" relativeResultsDirectory="2428c85d-8bee-4e4e-ada2-2ec5b28fcf4b">
    </UnitTestResult>
    <UnitTestResult executionId="c02329d9-a558-48fb-8748-38046e77d888" testId="a5acd1b5-8c86-dde6-28d4-fd6b8ea1aea8" testName="ShouldHandleCustomParametersWhenNoSpecificParameterIsDefined" computerName="STASY-PC" testType="13cdc9d9-ddb5-4fa4-a97d-d965ccfc6d4b" outcome="NotExecuted" testListId="8c84fa94-04c1-424b-9868-57a2d4851a1d" relativeResultsDirectory="c02329d9-a558-48fb-8748-38046e77d888">
    </UnitTestResult>
    <UnitTestResult executionId="c93f3cf6-956e-4017-9672-222b911b946d" testId="c292a9dd-0417-f904-994b-8a7d425f5e1c" testName="ShouldHandleStringConcatenation" computerName="STASY-PC" testType="13cdc9d9-ddb5-4fa4-a97d-d965ccfc6d4b" outcome="NotExecuted" testListId="8c84fa94-04c1-424b-9868-57a2d4851a1d" relativeResultsDirectory="c93f3cf6-956e-4017-9672-222b911b946d">
    </UnitTestResult>
    <UnitTestResult executionId="e6d2a922-06f7-4a23-b72b-dbc59b908cd2" testId="c5a2bb55-4742-840c-be0d-e0735b428da1" testName="ShouldEvaluateSubExpressions" computerName="STASY-PC" testType="13cdc9d9-ddb5-4fa4-a97d-d965ccfc6d4b" outcome="NotExecuted" testListId="8c84fa94-04c1-424b-9868-57a2d4851a1d" relativeResultsDirectory="e6d2a922-06f7-4a23-b72b-dbc59b908cd2">
    </UnitTestResult>
    <UnitTestResult executionId="81f13852-9917-45db-aad7-d58516eec0a8" testId="c66384e6-6244-9854-9f1f-39947130ef1d" testName="ExpressionShouldEvaluateParameters" computerName="STASY-PC" testType="13cdc9d9-ddb5-4fa4-a97d-d965ccfc6d4b" outcome="NotExecuted" testListId="8c84fa94-04c1-424b-9868-57a2d4851a1d" relativeResultsDirectory="81f13852-9917-45db-aad7-d58516eec0a8">
    </UnitTestResult>
    <UnitTestResult executionId="c828bea7-4787-4ed9-8774-b1994641981d" testId="cc4cecb5-69e6-ccf6-a25a-ac3ea237170f" testName="ShouldDisplayErrorIfUncompatibleTypes" computerName="STASY-PC" testType="13cdc9d9-ddb5-4fa4-a97d-d965ccfc6d4b" outcome="NotExecuted" testListId="8c84fa94-04c1-424b-9868-57a2d4851a1d" relativeResultsDirectory="c828bea7-4787-4ed9-8774-b1994641981d">
    </UnitTestResult>
    <UnitTestResult executionId="aa6a057f-4673-4966-8ad2-c97c67ae7d85" testId="d0a34968-467d-956a-bc68-c93edd90f861" testName="ShouldNotLoosePrecision" computerName="STASY-PC" testType="13cdc9d9-ddb5-4fa4-a97d-d965ccfc6d4b" outcome="NotExecuted" testListId="8c84fa94-04c1-424b-9868-57a2d4851a1d" relativeResultsDirectory="aa6a057f-4673-4966-8ad2-c97c67ae7d85">
    </UnitTestResult>
    <UnitTestResult executionId="40f6e3b7-887d-41fb-9cd9-d9de67cb63b3" testId="db0daa54-3e1c-fc8b-ef6e-343b77a5c99f" testName="ShouldDisplayErrorMessages" computerName="STASY-PC" testType="13cdc9d9-ddb5-4fa4-a97d-d965ccfc6d4b" outcome="NotExecuted" testListId="8c84fa94-04c1-424b-9868-57a2d4851a1d" relativeResultsDirectory="40f6e3b7-887d-41fb-9cd9-d9de67cb63b3">
    </UnitTestResult>
    <UnitTestResult executionId="e5080f0d-f1ae-45ca-a4d6-e4f6b099c31a" testId="e429e649-a42d-8648-2bc2-29ac743fb4e2" testName="ShouldHandleLongValues" computerName="STASY-PC" testType="13cdc9d9-ddb5-4fa4-a97d-d965ccfc6d4b" outcome="NotExecuted" testListId="8c84fa94-04c1-424b-9868-57a2d4851a1d" relativeResultsDirectory="e5080f0d-f1ae-45ca-a4d6-e4f6b099c31a">
    </UnitTestResult>
    <UnitTestResult executionId="76733406-7193-46b3-ad11-15de237a6697" testId="e9079026-5cc1-6c4f-6d75-6dac2168533b" testName="ShouldSerializeExpression" computerName="STASY-PC" testType="13cdc9d9-ddb5-4fa4-a97d-d965ccfc6d4b" outcome="NotExecuted" testListId="8c84fa94-04c1-424b-9868-57a2d4851a1d" relativeResultsDirectory="76733406-7193-46b3-ad11-15de237a6697">
    </UnitTestResult>
    <UnitTestResult executionId="7dc567a5-0d23-4719-8d1b-6c4f82fc7513" testId="f883f998-5edb-abfa-1b95-a88a5125d938" testName="ShouldEvaluateTernaryExpression" computerName="STASY-PC" testType="13cdc9d9-ddb5-4fa4-a97d-d965ccfc6d4b" outcome="NotExecuted" testListId="8c84fa94-04c1-424b-9868-57a2d4851a1d" relativeResultsDirectory="7dc567a5-0d23-4719-8d1b-6c4f82fc7513">
    </UnitTestResult>
    <UnitTestResult executionId="3ca78850-f73f-421e-975d-6aed44672ee9" testId="fb8a4047-f775-26c5-6f85-e471b71899bc" testName="ShouldNotRoundDecimalValues" computerName="STASY-PC" testType="13cdc9d9-ddb5-4fa4-a97d-d965ccfc6d4b" outcome="NotExecuted" testListId="8c84fa94-04c1-424b-9868-57a2d4851a1d" relativeResultsDirectory="3ca78850-f73f-421e-975d-6aed44672ee9">
    </UnitTestResult>
  </Results>
</TestRun>